Archive member included because of file (symbol)

/opt/gcc-arm/bin/../lib/gcc/arm-none-eabi/4.9.3/armv6-m/libgcc.a(_udivsi3.o)
                              /var/folders/fq/ltb3dbq95yq6ljzx21t9gnkc0000gn/T//cc6GSE9o.ltrans0.ltrans.o (__aeabi_uidiv)
/opt/gcc-arm/bin/../lib/gcc/arm-none-eabi/4.9.3/armv6-m/libgcc.a(_dvmd_tls.o)
                              /opt/gcc-arm/bin/../lib/gcc/arm-none-eabi/4.9.3/armv6-m/libgcc.a(_udivsi3.o) (__aeabi_idiv0)

Discarded input sections

 .data          0x0000000000000000        0x0 build/obj/crt0_v6m.o
 .bss           0x0000000000000000        0x0 build/obj/crt0_v6m.o
 .data          0x0000000000000000        0x0 build/obj/chcoreasm_v6m.o
 .bss           0x0000000000000000        0x0 build/obj/chcoreasm_v6m.o
 .text          0x0000000000000000        0x0 build/obj/crt1.o (symbol from plugin)
 .text          0x0000000000000000        0x0 /var/folders/fq/ltb3dbq95yq6ljzx21t9gnkc0000gn/T//cc6GSE9o.ltrans0.ltrans.o
 .data          0x0000000000000000        0x0 /var/folders/fq/ltb3dbq95yq6ljzx21t9gnkc0000gn/T//cc6GSE9o.ltrans0.ltrans.o
 .bss           0x0000000000000000        0x0 /var/folders/fq/ltb3dbq95yq6ljzx21t9gnkc0000gn/T//cc6GSE9o.ltrans0.ltrans.o
 .text          0x0000000000000000        0x0 /var/folders/fq/ltb3dbq95yq6ljzx21t9gnkc0000gn/T//cc6GSE9o.ltrans1.ltrans.o
 .data          0x0000000000000000        0x0 /var/folders/fq/ltb3dbq95yq6ljzx21t9gnkc0000gn/T//cc6GSE9o.ltrans1.ltrans.o
 .bss           0x0000000000000000        0x0 /var/folders/fq/ltb3dbq95yq6ljzx21t9gnkc0000gn/T//cc6GSE9o.ltrans1.ltrans.o
 .text          0x0000000000000000        0x0 /var/folders/fq/ltb3dbq95yq6ljzx21t9gnkc0000gn/T//cc6GSE9o.ltrans2.ltrans.o
 .data          0x0000000000000000        0x0 /var/folders/fq/ltb3dbq95yq6ljzx21t9gnkc0000gn/T//cc6GSE9o.ltrans2.ltrans.o
 .bss           0x0000000000000000        0x0 /var/folders/fq/ltb3dbq95yq6ljzx21t9gnkc0000gn/T//cc6GSE9o.ltrans2.ltrans.o
 .text          0x0000000000000000        0x0 /var/folders/fq/ltb3dbq95yq6ljzx21t9gnkc0000gn/T//cc6GSE9o.ltrans3.ltrans.o
 .data          0x0000000000000000        0x0 /var/folders/fq/ltb3dbq95yq6ljzx21t9gnkc0000gn/T//cc6GSE9o.ltrans3.ltrans.o
 .bss           0x0000000000000000        0x0 /var/folders/fq/ltb3dbq95yq6ljzx21t9gnkc0000gn/T//cc6GSE9o.ltrans3.ltrans.o
 .text          0x0000000000000000        0x0 /var/folders/fq/ltb3dbq95yq6ljzx21t9gnkc0000gn/T//cc6GSE9o.ltrans4.ltrans.o
 .data          0x0000000000000000        0x0 /var/folders/fq/ltb3dbq95yq6ljzx21t9gnkc0000gn/T//cc6GSE9o.ltrans4.ltrans.o
 .bss           0x0000000000000000        0x0 /var/folders/fq/ltb3dbq95yq6ljzx21t9gnkc0000gn/T//cc6GSE9o.ltrans4.ltrans.o
 .text          0x0000000000000000        0x0 /var/folders/fq/ltb3dbq95yq6ljzx21t9gnkc0000gn/T//cc6GSE9o.ltrans5.ltrans.o
 .data          0x0000000000000000        0x0 /var/folders/fq/ltb3dbq95yq6ljzx21t9gnkc0000gn/T//cc6GSE9o.ltrans5.ltrans.o
 .bss           0x0000000000000000        0x0 /var/folders/fq/ltb3dbq95yq6ljzx21t9gnkc0000gn/T//cc6GSE9o.ltrans5.ltrans.o
 .text          0x0000000000000000        0x0 /var/folders/fq/ltb3dbq95yq6ljzx21t9gnkc0000gn/T//cc6GSE9o.ltrans6.ltrans.o
 .data          0x0000000000000000        0x0 /var/folders/fq/ltb3dbq95yq6ljzx21t9gnkc0000gn/T//cc6GSE9o.ltrans6.ltrans.o
 .bss           0x0000000000000000        0x0 /var/folders/fq/ltb3dbq95yq6ljzx21t9gnkc0000gn/T//cc6GSE9o.ltrans6.ltrans.o
 .data          0x0000000000000000        0x0 /opt/gcc-arm/bin/../lib/gcc/arm-none-eabi/4.9.3/armv6-m/libgcc.a(_udivsi3.o)
 .bss           0x0000000000000000        0x0 /opt/gcc-arm/bin/../lib/gcc/arm-none-eabi/4.9.3/armv6-m/libgcc.a(_udivsi3.o)
 .data          0x0000000000000000        0x0 /opt/gcc-arm/bin/../lib/gcc/arm-none-eabi/4.9.3/armv6-m/libgcc.a(_dvmd_tls.o)
 .bss           0x0000000000000000        0x0 /opt/gcc-arm/bin/../lib/gcc/arm-none-eabi/4.9.3/armv6-m/libgcc.a(_dvmd_tls.o)
 .text          0x0000000000000000        0x0 build/obj/vectors.o (symbol from plugin)
 .text          0x0000000000000000        0x0 build/obj/chsys.o (symbol from plugin)
 .text          0x0000000000000000        0x0 build/obj/chdebug.o (symbol from plugin)
 .text          0x0000000000000000        0x0 build/obj/chvt.o (symbol from plugin)
 .text          0x0000000000000000        0x0 build/obj/chschd.o (symbol from plugin)
 .text          0x0000000000000000        0x0 build/obj/chthreads.o (symbol from plugin)
 .text          0x0000000000000000        0x0 build/obj/chdynamic.o (symbol from plugin)
 .text          0x0000000000000000        0x0 build/obj/chregistry.o (symbol from plugin)
 .text          0x0000000000000000        0x0 build/obj/chsem.o (symbol from plugin)
 .text          0x0000000000000000        0x0 build/obj/chmtx.o (symbol from plugin)
 .text          0x0000000000000000        0x0 build/obj/chcond.o (symbol from plugin)
 .text          0x0000000000000000        0x0 build/obj/chevents.o (symbol from plugin)
[...]
Memory Configuration

Name             Origin             Length             Attributes
flash            0x0000000008000000 0x0000000000020000
ram0             0x0000000020000000 0x0000000000004000
ram1             0x0000000000000000 0x0000000000000000
ram2             0x0000000000000000 0x0000000000000000
ram3             0x0000000000000000 0x0000000000000000
ram4             0x0000000000000000 0x0000000000000000
ram5             0x0000000000000000 0x0000000000000000
ram6             0x0000000000000000 0x0000000000000000
ram7             0x0000000000000000 0x0000000000000000
*default*        0x0000000000000000 0xffffffffffffffff

Linker script and memory map

LOAD build/obj/crt0_v6m.o
LOAD build/obj/chcoreasm_v6m.o
LOAD build/obj/crt1.o
LOAD /var/folders/fq/ltb3dbq95yq6ljzx21t9gnkc0000gn/T//cc6GSE9o.ltrans0.ltrans.o
LOAD /var/folders/fq/ltb3dbq95yq6ljzx21t9gnkc0000gn/T//cc6GSE9o.ltrans1.ltrans.o
LOAD /var/folders/fq/ltb3dbq95yq6ljzx21t9gnkc0000gn/T//cc6GSE9o.ltrans2.ltrans.o
LOAD /var/folders/fq/ltb3dbq95yq6ljzx21t9gnkc0000gn/T//cc6GSE9o.ltrans3.ltrans.o
LOAD /var/folders/fq/ltb3dbq95yq6ljzx21t9gnkc0000gn/T//cc6GSE9o.ltrans4.ltrans.o
LOAD /var/folders/fq/ltb3dbq95yq6ljzx21t9gnkc0000gn/T//cc6GSE9o.ltrans5.ltrans.o
LOAD /var/folders/fq/ltb3dbq95yq6ljzx21t9gnkc0000gn/T//cc6GSE9o.ltrans6.ltrans.o
LOAD /opt/gcc-arm/bin/../lib/gcc/arm-none-eabi/4.9.3/armv6-m/libgcc.a
LOAD /opt/gcc-arm/bin/../lib/gcc/arm-none-eabi/4.9.3/../../../../arm-none-eabi/lib/armv6-m/libg.a
LOAD /opt/gcc-arm/bin/../lib/gcc/arm-none-eabi/4.9.3/../../../../arm-none-eabi/lib/armv6-m/libc.a
LOAD build/obj/vectors.o
LOAD build/obj/chsys.o
LOAD build/obj/chdebug.o
LOAD build/obj/chvt.o
LOAD build/obj/chschd.o
LOAD build/obj/chthreads.o
LOAD build/obj/chdynamic.o
LOAD build/obj/chregistry.o
LOAD build/obj/chsem.o
LOAD build/obj/chmtx.o
LOAD build/obj/chcond.o
LOAD build/obj/chevents.o
LOAD build/obj/chmsg.o
LOAD build/obj/chmboxes.o
LOAD build/obj/chqueues.o
LOAD build/obj/chmemcore.o
LOAD build/obj/chheap.o
LOAD build/obj/chmempools.o
LOAD build/obj/chcore.o
LOAD build/obj/chcore_v6m.o
LOAD build/obj/osal.o
LOAD build/obj/hal.o
LOAD build/obj/st.o
LOAD build/obj/hal_queues.o
LOAD build/obj/hal_mmcsd.o
LOAD build/obj/pal.o
LOAD build/obj/serial.o
LOAD build/obj/nvic.o
LOAD build/obj/stm32_dma.o
LOAD build/obj/hal_lld.o
LOAD build/obj/st_lld.o
LOAD build/obj/pal_lld.o
LOAD build/obj/serial_lld.o
LOAD build/obj/board.o
LOAD build/obj/test.o
LOAD build/obj/testthd.o
LOAD build/obj/testsem.o
LOAD build/obj/testmtx.o
LOAD build/obj/testmsg.o
LOAD build/obj/testmbox.o
LOAD build/obj/testevt.o
LOAD build/obj/testheap.o
LOAD build/obj/testpools.o
LOAD build/obj/testdyn.o
LOAD build/obj/testqueues.o
LOAD build/obj/testsys.o
LOAD build/obj/testbmk.o
LOAD build/obj/main.o
                0x0000000020000000                __ram0_start__ = ORIGIN (ram0)
                0x0000000000004000                __ram0_size__ = 0x4000
                0x0000000020004000                __ram0_end__ = (__ram0_start__ + __ram0_size__)
                0x0000000000000000                __ram1_start__ = ORIGIN (ram1)
                0x0000000000000000                __ram1_size__ = 0x0
                0x0000000000000000                __ram1_end__ = (__ram1_start__ + __ram1_size__)
                0x0000000000000000                __ram2_start__ = ORIGIN (ram2)
                0x0000000000000000                __ram2_size__ = 0x0
                0x0000000000000000                __ram2_end__ = (__ram2_start__ + __ram2_size__)
                0x0000000000000000                __ram3_start__ = ORIGIN (ram3)
                0x0000000000000000                __ram3_size__ = 0x0
                0x0000000000000000                __ram3_end__ = (__ram3_start__ + __ram3_size__)
                0x0000000000000000                __ram4_start__ = ORIGIN (ram4)
                0x0000000000000000                __ram4_size__ = 0x0
                0x0000000000000000                __ram4_end__ = (__ram4_start__ + __ram4_size__)
                0x0000000000000000                __ram5_start__ = ORIGIN (ram5)
                0x0000000000000000                __ram5_size__ = 0x0
                0x0000000000000000                __ram5_end__ = (__ram5_start__ + __ram5_size__)
                0x0000000000000000                __ram6_start__ = ORIGIN (ram6)
                0x0000000000000000                __ram6_size__ = 0x0
                0x0000000000000000                __ram6_end__ = (__ram6_start__ + __ram6_size__)
                0x0000000000000000                __ram7_start__ = ORIGIN (ram7)
                0x0000000000000000                __ram7_size__ = 0x0
                0x0000000000000000                __ram7_end__ = (__ram7_start__ + __ram7_size__)
                0x0000000000000000                . = 0x0
                0x0000000000000000                _text = .

startup         0x0000000008000000       0xc0
 *(.vectors)
 .vectors       0x0000000008000000       0xc0 /var/folders/fq/ltb3dbq95yq6ljzx21t9gnkc0000gn/T//cc6GSE9o.ltrans0.ltrans.o
                0x0000000008000000                _vectors

constructors    0x00000000080000c0        0x0
                0x00000000080000c0                PROVIDE (__init_array_start, .)
 *(SORT(.init_array.*))
 *(.init_array)
                0x00000000080000c0                PROVIDE (__init_array_end, .)

destructors     0x00000000080000c0        0x0
                0x00000000080000c0                PROVIDE (__fini_array_start, .)
 *(.fini_array)
 *(SORT(.fini_array.*))
                0x00000000080000c0                PROVIDE (__fini_array_end, .)

.text           0x00000000080000c0     0x61fc
 *(.text)
 .text          0x00000000080000c0       0xc0 build/obj/crt0_v6m.o
                0x00000000080000c0                Reset_Handler
 .text          0x0000000008000180       0x40 build/obj/chcoreasm_v6m.o
                0x0000000008000180                _port_switch
                0x00000000080001a0                _port_thread_start
                0x00000000080001ac                _port_switch_from_isr
                0x00000000080001b0                _port_exit_from_isr
 .text          0x00000000080001c0      0x120 /opt/gcc-arm/bin/../lib/gcc/arm-none-eabi/4.9.3/armv6-m/libgcc.a(_udivsi3.o)
                0x00000000080001c0                __udivsi3
                0x00000000080001c0                __aeabi_uidiv
                0x00000000080002cc                __aeabi_uidivmod
 .text          0x00000000080002e0        0x4 /opt/gcc-arm/bin/../lib/gcc/arm-none-eabi/4.9.3/armv6-m/libgcc.a(_dvmd_tls.o)
                0x00000000080002e0                __aeabi_ldiv0
                0x00000000080002e0                __aeabi_idiv0
 *(.text.*)
 *fill*         0x00000000080002e4        0xc 
 .text.tmr.lto_priv.63
                0x00000000080002f0       0x10 /var/folders/fq/ltb3dbq95yq6ljzx21t9gnkc0000gn/T//cc6GSE9o.ltrans0.ltrans.o
                0x00000000080002f0                tmr.lto_priv.63
 .text.notify2.lto_priv.65
                0x0000000008000300       0x10 /var/folders/fq/ltb3dbq95yq6ljzx21t9gnkc0000gn/T//cc6GSE9o.ltrans0.ltrans.o
                0x0000000008000300                notify2.lto_priv.65
 .text._port_irq_epilogue
                0x0000000008000310       0x40 /var/folders/fq/ltb3dbq95yq6ljzx21t9gnkc0000gn/T//cc6GSE9o.ltrans0.ltrans.o
 .text.NMI_Handler
                0x0000000008000350       0x10 /var/folders/fq/ltb3dbq95yq6ljzx21t9gnkc0000gn/T//cc6GSE9o.ltrans0.ltrans.o
 .text.chCoreAlloc
                0x0000000008000360       0x30 /var/folders/fq/ltb3dbq95yq6ljzx21t9gnkc0000gn/T//cc6GSE9o.ltrans0.ltrans.o
                0x0000000008000360                chCoreAlloc
 .text.wakeup.lto_priv.152
                0x0000000008000390       0x60 /var/folders/fq/ltb3dbq95yq6ljzx21t9gnkc0000gn/T//cc6GSE9o.ltrans0.ltrans.o
                0x0000000008000390                wakeup.lto_priv.152
 .text._idle_thread.lto_priv.64
                0x00000000080003f0       0x20 /var/folders/fq/ltb3dbq95yq6ljzx21t9gnkc0000gn/T//cc6GSE9o.ltrans0.ltrans.o
                0x00000000080003f0                _idle_thread.lto_priv.64
 .text._unhandled_exception
                0x0000000008000410       0x10 /var/folders/fq/ltb3dbq95yq6ljzx21t9gnkc0000gn/T//cc6GSE9o.ltrans0.ltrans.o
 .text.Vector80
                0x0000000008000420       0xa0 /var/folders/fq/ltb3dbq95yq6ljzx21t9gnkc0000gn/T//cc6GSE9o.ltrans0.ltrans.o
 .text.chSchDoRescheduleAhead
                0x00000000080004c0       0x40 /var/folders/fq/ltb3dbq95yq6ljzx21t9gnkc0000gn/T//cc6GSE9o.ltrans0.ltrans.o
 .text.print_line.lto_priv.138
                0x0000000008000500       0x30 /var/folders/fq/ltb3dbq95yq6ljzx21t9gnkc0000gn/T//cc6GSE9o.ltrans0.ltrans.o
                0x0000000008000500                print_line.lto_priv.138
 .text.test_terminate_threads
                0x0000000008000530       0x30 /var/folders/fq/ltb3dbq95yq6ljzx21t9gnkc0000gn/T//cc6GSE9o.ltrans0.ltrans.o
                0x0000000008000530                test_terminate_threads
 .text._test_assert_time_window
                0x0000000008000560       0x40 /var/folders/fq/ltb3dbq95yq6ljzx21t9gnkc0000gn/T//cc6GSE9o.ltrans0.ltrans.o
                0x0000000008000560                _test_assert_time_window
 .text._test_assert_sequence
                0x00000000080005a0       0x60 /var/folders/fq/ltb3dbq95yq6ljzx21t9gnkc0000gn/T//cc6GSE9o.ltrans0.ltrans.o
                0x00000000080005a0                _test_assert_sequence
 .text._test_assert
                0x0000000008000600       0x30 /var/folders/fq/ltb3dbq95yq6ljzx21t9gnkc0000gn/T//cc6GSE9o.ltrans0.ltrans.o
                0x0000000008000600                _test_assert
 .text.test_emit_token
                0x0000000008000630       0x20 /var/folders/fq/ltb3dbq95yq6ljzx21t9gnkc0000gn/T//cc6GSE9o.ltrans0.ltrans.o
                0x0000000008000630                test_emit_token
 .text.thread.lto_priv.158
                0x0000000008000650       0x10 /var/folders/fq/ltb3dbq95yq6ljzx21t9gnkc0000gn/T//cc6GSE9o.ltrans0.ltrans.o
                0x0000000008000650                thread.lto_priv.158
 .text.test_println
                0x0000000008000660       0x40 /var/folders/fq/ltb3dbq95yq6ljzx21t9gnkc0000gn/T//cc6GSE9o.ltrans0.ltrans.o
                0x0000000008000660                test_println
 .text.test_print
                0x00000000080006a0       0x30 /var/folders/fq/ltb3dbq95yq6ljzx21t9gnkc0000gn/T//cc6GSE9o.ltrans0.ltrans.o
                0x00000000080006a0                test_print
 .text.test_printn
                0x00000000080006d0       0x70 /var/folders/fq/ltb3dbq95yq6ljzx21t9gnkc0000gn/T//cc6GSE9o.ltrans0.ltrans.o
                0x00000000080006d0                test_printn
 .text.__early_init
                0x0000000008000740       0xb0 /var/folders/fq/ltb3dbq95yq6ljzx21t9gnkc0000gn/T//cc6GSE9o.ltrans0.ltrans.o
                0x0000000008000740                __early_init
 .text.chPoolAlloc
                0x00000000080007f0       0x20 /var/folders/fq/ltb3dbq95yq6ljzx21t9gnkc0000gn/T//cc6GSE9o.ltrans0.ltrans.o
                0x00000000080007f0                chPoolAlloc
 .text.chEvtUnregister
                0x0000000008000810       0x20 /var/folders/fq/ltb3dbq95yq6ljzx21t9gnkc0000gn/T//cc6GSE9o.ltrans0.ltrans.o
                0x0000000008000810                chEvtUnregister
 .text.chThdYield
                0x0000000008000830       0x50 /var/folders/fq/ltb3dbq95yq6ljzx21t9gnkc0000gn/T//cc6GSE9o.ltrans0.ltrans.o
                0x0000000008000830                chThdYield
 .text.chSchDoReschedule
                0x0000000008000880       0x10 /var/folders/fq/ltb3dbq95yq6ljzx21t9gnkc0000gn/T//cc6GSE9o.ltrans0.ltrans.o
                0x0000000008000880                chSchDoReschedule
 .text.chSchRescheduleS
                0x0000000008000890       0x20 /var/folders/fq/ltb3dbq95yq6ljzx21t9gnkc0000gn/T//cc6GSE9o.ltrans0.ltrans.o
                0x0000000008000890                chSchRescheduleS
 .text.chThdSetPriority
                0x00000000080008b0       0x30 /var/folders/fq/ltb3dbq95yq6ljzx21t9gnkc0000gn/T//cc6GSE9o.ltrans0.ltrans.o
                0x00000000080008b0                chThdSetPriority
 .text.chSchWakeupS
                0x00000000080008e0       0x50 /var/folders/fq/ltb3dbq95yq6ljzx21t9gnkc0000gn/T//cc6GSE9o.ltrans0.ltrans.o
                0x00000000080008e0                chSchWakeupS
 .text.chMtxUnlock
                0x0000000008000930       0x60 /var/folders/fq/ltb3dbq95yq6ljzx21t9gnkc0000gn/T//cc6GSE9o.ltrans0.ltrans.o
                0x0000000008000930                chMtxUnlock
 .text.chSemSignal
                0x0000000008000990       0x30 /var/folders/fq/ltb3dbq95yq6ljzx21t9gnkc0000gn/T//cc6GSE9o.ltrans0.ltrans.o
                0x0000000008000990                chSemSignal
 .text.chThdCreateStatic
                0x00000000080009c0       0x60 /var/folders/fq/ltb3dbq95yq6ljzx21t9gnkc0000gn/T//cc6GSE9o.ltrans0.ltrans.o
                0x00000000080009c0                chThdCreateStatic
 .text.chSchGoSleepS
                0x0000000008000a20       0x20 /var/folders/fq/ltb3dbq95yq6ljzx21t9gnkc0000gn/T//cc6GSE9o.ltrans0.ltrans.o
                0x0000000008000a20                chSchGoSleepS
 .text.chMsgWait
                0x0000000008000a40       0x40 /var/folders/fq/ltb3dbq95yq6ljzx21t9gnkc0000gn/T//cc6GSE9o.ltrans0.ltrans.o
                0x0000000008000a40                chMsgWait
 .text.chSemWait
                0x0000000008000a80       0x40 /var/folders/fq/ltb3dbq95yq6ljzx21t9gnkc0000gn/T//cc6GSE9o.ltrans0.ltrans.o
                0x0000000008000a80                chSemWait
 .text.chSchReadyI
                0x0000000008000ac0       0x20 /var/folders/fq/ltb3dbq95yq6ljzx21t9gnkc0000gn/T//cc6GSE9o.ltrans0.ltrans.o
                0x0000000008000ac0                chSchReadyI
 .text.chIQPutI
                0x0000000008000ae0       0x60 /var/folders/fq/ltb3dbq95yq6ljzx21t9gnkc0000gn/T//cc6GSE9o.ltrans0.ltrans.o
                0x0000000008000ae0                chIQPutI
 .text.chOQGetI
                0x0000000008000b40       0x50 /var/folders/fq/ltb3dbq95yq6ljzx21t9gnkc0000gn/T//cc6GSE9o.ltrans0.ltrans.o
                0x0000000008000b40                chOQGetI
 .text.chMsgSend
                0x0000000008000b90       0x40 /var/folders/fq/ltb3dbq95yq6ljzx21t9gnkc0000gn/T//cc6GSE9o.ltrans0.ltrans.o
                0x0000000008000b90                chMsgSend
 .text.chEvtSignalI
                0x0000000008000bd0       0x40 /var/folders/fq/ltb3dbq95yq6ljzx21t9gnkc0000gn/T//cc6GSE9o.ltrans0.ltrans.o
                0x0000000008000bd0                chEvtSignalI
 .text.chEvtBroadcastFlagsI
                0x0000000008000c10       0x30 /var/folders/fq/ltb3dbq95yq6ljzx21t9gnkc0000gn/T//cc6GSE9o.ltrans0.ltrans.o
                0x0000000008000c10                chEvtBroadcastFlagsI
 .text.VectorB0
                0x0000000008000c40      0x120 /var/folders/fq/ltb3dbq95yq6ljzx21t9gnkc0000gn/T//cc6GSE9o.ltrans0.ltrans.o
 .text.chMtxUnlockAll
                0x0000000008000d60       0x50 /var/folders/fq/ltb3dbq95yq6ljzx21t9gnkc0000gn/T//cc6GSE9o.ltrans0.ltrans.o
                0x0000000008000d60                chMtxUnlockAll
 .text.chMtxUnlockS
                0x0000000008000db0       0x50 /var/folders/fq/ltb3dbq95yq6ljzx21t9gnkc0000gn/T//cc6GSE9o.ltrans0.ltrans.o
                0x0000000008000db0                chMtxUnlockS
 .text.chMtxLockS
                0x0000000008000e00       0xd0 /var/folders/fq/ltb3dbq95yq6ljzx21t9gnkc0000gn/T//cc6GSE9o.ltrans0.ltrans.o
                0x0000000008000e00                chMtxLockS
 .text.chMtxLock
                0x0000000008000ed0       0x10 /var/folders/fq/ltb3dbq95yq6ljzx21t9gnkc0000gn/T//cc6GSE9o.ltrans0.ltrans.o
                0x0000000008000ed0                chMtxLock
 .text.chHeapStatus
                0x0000000008000ee0       0x50 /var/folders/fq/ltb3dbq95yq6ljzx21t9gnkc0000gn/T//cc6GSE9o.ltrans0.ltrans.o
                0x0000000008000ee0                chHeapStatus
 .text.chHeapFree
                0x0000000008000f30       0x90 /var/folders/fq/ltb3dbq95yq6ljzx21t9gnkc0000gn/T//cc6GSE9o.ltrans0.ltrans.o
                0x0000000008000f30                chHeapFree
 .text.chThdRelease
                0x0000000008000fc0       0x50 /var/folders/fq/ltb3dbq95yq6ljzx21t9gnkc0000gn/T//cc6GSE9o.ltrans0.ltrans.o
                0x0000000008000fc0                chThdRelease
 .text.chThdWait
                0x0000000008001010       0x30 /var/folders/fq/ltb3dbq95yq6ljzx21t9gnkc0000gn/T//cc6GSE9o.ltrans0.ltrans.o
                0x0000000008001010                chThdWait
 .text.test_wait_threads
                0x0000000008001040       0x30 /var/folders/fq/ltb3dbq95yq6ljzx21t9gnkc0000gn/T//cc6GSE9o.ltrans0.ltrans.o
                0x0000000008001040                test_wait_threads
 .text.chHeapAlloc
                0x0000000008001070       0x90 /var/folders/fq/ltb3dbq95yq6ljzx21t9gnkc0000gn/T//cc6GSE9o.ltrans0.ltrans.o
                0x0000000008001070                chHeapAlloc
 .text.chSemSignalI
                0x0000000008001100       0x30 /var/folders/fq/ltb3dbq95yq6ljzx21t9gnkc0000gn/T//cc6GSE9o.ltrans0.ltrans.o
                0x0000000008001100                chSemSignalI
 .text.chSemResetI
                0x0000000008001130       0x30 /var/folders/fq/ltb3dbq95yq6ljzx21t9gnkc0000gn/T//cc6GSE9o.ltrans0.ltrans.o
                0x0000000008001130                chSemResetI
 .text.chThdExit
                0x0000000008001160       0x40 /var/folders/fq/ltb3dbq95yq6ljzx21t9gnkc0000gn/T//cc6GSE9o.ltrans0.ltrans.o
                0x0000000008001160                chThdExit
 .text.chVTDoResetI
                0x00000000080011a0       0x80 /var/folders/fq/ltb3dbq95yq6ljzx21t9gnkc0000gn/T//cc6GSE9o.ltrans0.ltrans.o
                0x00000000080011a0                chVTDoResetI
 .text.chVTDoSetI
                0x0000000008001220       0x90 /var/folders/fq/ltb3dbq95yq6ljzx21t9gnkc0000gn/T//cc6GSE9o.ltrans0.ltrans.o
                0x0000000008001220                chVTDoSetI
 .text.chSchGoSleepTimeoutS
                0x00000000080012b0       0x50 /var/folders/fq/ltb3dbq95yq6ljzx21t9gnkc0000gn/T//cc6GSE9o.ltrans0.ltrans.o
                0x00000000080012b0                chSchGoSleepTimeoutS
 .text.chSemWaitTimeoutS
                0x0000000008001300       0x40 /var/folders/fq/ltb3dbq95yq6ljzx21t9gnkc0000gn/T//cc6GSE9o.ltrans0.ltrans.o
                0x0000000008001300                chSemWaitTimeoutS
 .text.chThdEnqueueTimeoutS
                0x0000000008001340       0x30 /var/folders/fq/ltb3dbq95yq6ljzx21t9gnkc0000gn/T//cc6GSE9o.ltrans0.ltrans.o
 .text.chOQWriteTimeout
                0x0000000008001370       0x80 /var/folders/fq/ltb3dbq95yq6ljzx21t9gnkc0000gn/T//cc6GSE9o.ltrans0.ltrans.o
                0x0000000008001370                chOQWriteTimeout
 .text.writet.lto_priv.72
                0x00000000080013f0       0x10 /var/folders/fq/ltb3dbq95yq6ljzx21t9gnkc0000gn/T//cc6GSE9o.ltrans0.ltrans.o
                0x00000000080013f0                writet.lto_priv.72
 .text.write.lto_priv.66
                0x0000000008001400       0x10 /var/folders/fq/ltb3dbq95yq6ljzx21t9gnkc0000gn/T//cc6GSE9o.ltrans0.ltrans.o
                0x0000000008001400                write.lto_priv.66
 .text.chOQPutTimeout
                0x0000000008001410       0x50 /var/folders/fq/ltb3dbq95yq6ljzx21t9gnkc0000gn/T//cc6GSE9o.ltrans0.ltrans.o
                0x0000000008001410                chOQPutTimeout
 .text.putt.lto_priv.70
                0x0000000008001460       0x10 /var/folders/fq/ltb3dbq95yq6ljzx21t9gnkc0000gn/T//cc6GSE9o.ltrans0.ltrans.o
                0x0000000008001460                putt.lto_priv.70
 .text.put.lto_priv.68
                0x0000000008001470       0x10 /var/folders/fq/ltb3dbq95yq6ljzx21t9gnkc0000gn/T//cc6GSE9o.ltrans0.ltrans.o
                0x0000000008001470                put.lto_priv.68
 .text.chIQReadTimeout
                0x0000000008001480       0x70 /var/folders/fq/ltb3dbq95yq6ljzx21t9gnkc0000gn/T//cc6GSE9o.ltrans0.ltrans.o
                0x0000000008001480                chIQReadTimeout
 .text.readt.lto_priv.73
                0x00000000080014f0       0x10 /var/folders/fq/ltb3dbq95yq6ljzx21t9gnkc0000gn/T//cc6GSE9o.ltrans0.ltrans.o
                0x00000000080014f0                readt.lto_priv.73
 .text.read.lto_priv.67
                0x0000000008001500       0x10 /var/folders/fq/ltb3dbq95yq6ljzx21t9gnkc0000gn/T//cc6GSE9o.ltrans0.ltrans.o
                0x0000000008001500                read.lto_priv.67
 .text.chIQGetTimeout
                0x0000000008001510       0x40 /var/folders/fq/ltb3dbq95yq6ljzx21t9gnkc0000gn/T//cc6GSE9o.ltrans0.ltrans.o
                0x0000000008001510                chIQGetTimeout
 .text.gett.lto_priv.71
                0x0000000008001550       0x10 /var/folders/fq/ltb3dbq95yq6ljzx21t9gnkc0000gn/T//cc6GSE9o.ltrans0.ltrans.o
                0x0000000008001550                gett.lto_priv.71
 .text.get.lto_priv.69
                0x0000000008001560       0x10 /var/folders/fq/ltb3dbq95yq6ljzx21t9gnkc0000gn/T//cc6GSE9o.ltrans0.ltrans.o
                0x0000000008001560                get.lto_priv.69
 .text.chThdSleep
                0x0000000008001570       0x10 /var/folders/fq/ltb3dbq95yq6ljzx21t9gnkc0000gn/T//cc6GSE9o.ltrans0.ltrans.o
                0x0000000008001570                chThdSleep
 .text.test_wait_tick
                0x0000000008001580       0x20 /var/folders/fq/ltb3dbq95yq6ljzx21t9gnkc0000gn/T//cc6GSE9o.ltrans0.ltrans.o
                0x0000000008001580                test_wait_tick
 .text.chSysRestoreStatusX.part.2.lto_priv.142
                0x00000000080015a0       0x20 /var/folders/fq/ltb3dbq95yq6ljzx21t9gnkc0000gn/T//cc6GSE9o.ltrans0.ltrans.o
                0x00000000080015a0                chSysRestoreStatusX.part.2.lto_priv.142
 .text.chSysGetStatusAndLockX
                0x00000000080015c0       0x10 /var/folders/fq/ltb3dbq95yq6ljzx21t9gnkc0000gn/T//cc6GSE9o.ltrans0.ltrans.o
                0x00000000080015c0                chSysGetStatusAndLockX
 .text.chSysIntegrityCheckI
                0x00000000080015d0       0xb0 /var/folders/fq/ltb3dbq95yq6ljzx21t9gnkc0000gn/T//cc6GSE9o.ltrans0.ltrans.o
                0x00000000080015d0                chSysIntegrityCheckI
 .text.__default_exit
                0x0000000008001680       0x10 /var/folders/fq/ltb3dbq95yq6ljzx21t9gnkc0000gn/T//cc6GSE9o.ltrans0.ltrans.o
                0x0000000008001680                __default_exit
 .text.__late_init
                0x0000000008001690       0x10 /var/folders/fq/ltb3dbq95yq6ljzx21t9gnkc0000gn/T//cc6GSE9o.ltrans0.ltrans.o
                0x0000000008001690                __late_init
 .text.mtx5_setup.lto_priv.92
                0x00000000080016a0       0x10 /var/folders/fq/ltb3dbq95yq6ljzx21t9gnkc0000gn/T//cc6GSE9o.ltrans1.ltrans.o
                0x00000000080016a0                mtx5_setup.lto_priv.92
 .text.mtx4_setup.lto_priv.90
                0x00000000080016b0       0x20 /var/folders/fq/ltb3dbq95yq6ljzx21t9gnkc0000gn/T//cc6GSE9o.ltrans1.ltrans.o
                0x00000000080016b0                mtx4_setup.lto_priv.90
 .text.mtx1_setup.lto_priv.88
                0x00000000080016d0       0x10 /var/folders/fq/ltb3dbq95yq6ljzx21t9gnkc0000gn/T//cc6GSE9o.ltrans1.ltrans.o
                0x00000000080016d0                mtx1_setup.lto_priv.88
 .text.sem3_setup.lto_priv.85
                0x00000000080016e0       0x10 /var/folders/fq/ltb3dbq95yq6ljzx21t9gnkc0000gn/T//cc6GSE9o.ltrans1.ltrans.o
                0x00000000080016e0                sem3_setup.lto_priv.85
 .text.sem2_setup.lto_priv.83
                0x00000000080016f0       0x10 /var/folders/fq/ltb3dbq95yq6ljzx21t9gnkc0000gn/T//cc6GSE9o.ltrans1.ltrans.o
                0x00000000080016f0                sem2_setup.lto_priv.83
 .text.sem1_setup.lto_priv.81
                0x0000000008001700       0x10 /var/folders/fq/ltb3dbq95yq6ljzx21t9gnkc0000gn/T//cc6GSE9o.ltrans1.ltrans.o
                0x0000000008001700                sem1_setup.lto_priv.81
 .text.mtx4_execute.lto_priv.91
                0x0000000008001710      0x270 /var/folders/fq/ltb3dbq95yq6ljzx21t9gnkc0000gn/T//cc6GSE9o.ltrans1.ltrans.o
                0x0000000008001710                mtx4_execute.lto_priv.91
 .text.thread4a
                0x0000000008001980       0x20 /var/folders/fq/ltb3dbq95yq6ljzx21t9gnkc0000gn/T//cc6GSE9o.ltrans1.ltrans.o
 .text.thread4b
                0x00000000080019a0       0x20 /var/folders/fq/ltb3dbq95yq6ljzx21t9gnkc0000gn/T//cc6GSE9o.ltrans1.ltrans.o
 .text.mtx1_execute.lto_priv.89
                0x00000000080019c0      0x100 /var/folders/fq/ltb3dbq95yq6ljzx21t9gnkc0000gn/T//cc6GSE9o.ltrans1.ltrans.o
                0x00000000080019c0                mtx1_execute.lto_priv.89
 .text.thd1_execute.lto_priv.77
                0x0000000008001ac0       0xe0 /var/folders/fq/ltb3dbq95yq6ljzx21t9gnkc0000gn/T//cc6GSE9o.ltrans1.ltrans.o
                0x0000000008001ac0                thd1_execute.lto_priv.77
 .text.thread1.lto_priv.156
                0x0000000008001ba0       0x20 /var/folders/fq/ltb3dbq95yq6ljzx21t9gnkc0000gn/T//cc6GSE9o.ltrans1.ltrans.o
 .text.thread1.lto_priv.155
                0x0000000008001bc0       0x20 /var/folders/fq/ltb3dbq95yq6ljzx21t9gnkc0000gn/T//cc6GSE9o.ltrans1.ltrans.o
 .text.thread4  0x0000000008001be0       0x20 /var/folders/fq/ltb3dbq95yq6ljzx21t9gnkc0000gn/T//cc6GSE9o.ltrans1.ltrans.o
 .text.thread2  0x0000000008001c00       0x20 /var/folders/fq/ltb3dbq95yq6ljzx21t9gnkc0000gn/T//cc6GSE9o.ltrans1.ltrans.o
 .text.sem4_execute.lto_priv.87
                0x0000000008001c20      0x110 /var/folders/fq/ltb3dbq95yq6ljzx21t9gnkc0000gn/T//cc6GSE9o.ltrans1.ltrans.o
                0x0000000008001c20                sem4_execute.lto_priv.87
 .text.sem3_execute.lto_priv.86
                0x0000000008001d30       0x90 /var/folders/fq/ltb3dbq95yq6ljzx21t9gnkc0000gn/T//cc6GSE9o.ltrans1.ltrans.o
                0x0000000008001d30                sem3_execute.lto_priv.86
 .text.thread3  0x0000000008001dc0       0x20 /var/folders/fq/ltb3dbq95yq6ljzx21t9gnkc0000gn/T//cc6GSE9o.ltrans1.ltrans.o
 .text.sem2_execute.lto_priv.84
                0x0000000008001de0      0x160 /var/folders/fq/ltb3dbq95yq6ljzx21t9gnkc0000gn/T//cc6GSE9o.ltrans1.ltrans.o
                0x0000000008001de0                sem2_execute.lto_priv.84
 .text.sem1_execute.lto_priv.82
                0x0000000008001f40      0x180 /var/folders/fq/ltb3dbq95yq6ljzx21t9gnkc0000gn/T//cc6GSE9o.ltrans1.ltrans.o
                0x0000000008001f40                sem1_execute.lto_priv.82
 .text.thd2_execute.lto_priv.78
                0x00000000080020c0      0x160 /var/folders/fq/ltb3dbq95yq6ljzx21t9gnkc0000gn/T//cc6GSE9o.ltrans1.ltrans.o
                0x00000000080020c0                thd2_execute.lto_priv.78
 .text.thd4_execute.lto_priv.80
                0x0000000008002220       0xb0 /var/folders/fq/ltb3dbq95yq6ljzx21t9gnkc0000gn/T//cc6GSE9o.ltrans1.ltrans.o
                0x0000000008002220                thd4_execute.lto_priv.80
 .text.thd3_execute.lto_priv.79
                0x00000000080022d0      0x130 /var/folders/fq/ltb3dbq95yq6ljzx21t9gnkc0000gn/T//cc6GSE9o.ltrans1.ltrans.o
                0x00000000080022d0                thd3_execute.lto_priv.79
 .text.Thread1  0x0000000008002400       0x30 /var/folders/fq/ltb3dbq95yq6ljzx21t9gnkc0000gn/T//cc6GSE9o.ltrans2.ltrans.o
 .text.bmk13_execute
                0x0000000008002430       0xf0 /var/folders/fq/ltb3dbq95yq6ljzx21t9gnkc0000gn/T//cc6GSE9o.ltrans2.ltrans.o
 .text.chThdCreateFromHeap.constprop.57
                0x0000000008002520       0x80 /var/folders/fq/ltb3dbq95yq6ljzx21t9gnkc0000gn/T//cc6GSE9o.ltrans2.ltrans.o
                0x0000000008002520                chThdCreateFromHeap.constprop.57
 .text.chThdCreateFromMemoryPool.constprop.56
                0x00000000080025a0       0x80 /var/folders/fq/ltb3dbq95yq6ljzx21t9gnkc0000gn/T//cc6GSE9o.ltrans2.ltrans.o
                0x00000000080025a0                chThdCreateFromMemoryPool.constprop.56
 .text.chSemSignalWait.constprop.52
                0x0000000008002620       0x60 /var/folders/fq/ltb3dbq95yq6ljzx21t9gnkc0000gn/T//cc6GSE9o.ltrans2.ltrans.o
                0x0000000008002620                chSemSignalWait.constprop.52
 .text.chCondSignal.constprop.48
                0x0000000008002680       0x20 /var/folders/fq/ltb3dbq95yq6ljzx21t9gnkc0000gn/T//cc6GSE9o.ltrans2.ltrans.o
                0x0000000008002680                chCondSignal.constprop.48
 .text.chCondSignalI.constprop.47
                0x00000000080026a0       0x20 /var/folders/fq/ltb3dbq95yq6ljzx21t9gnkc0000gn/T//cc6GSE9o.ltrans2.ltrans.o
                0x00000000080026a0                chCondSignalI.constprop.47
 .text.chEvtGetAndClearEvents.constprop.39
                0x00000000080026c0       0x20 /var/folders/fq/ltb3dbq95yq6ljzx21t9gnkc0000gn/T//cc6GSE9o.ltrans2.ltrans.o
                0x00000000080026c0                chEvtGetAndClearEvents.constprop.39
 .text.chEvtWaitOne.constprop.35
                0x00000000080026e0       0x30 /var/folders/fq/ltb3dbq95yq6ljzx21t9gnkc0000gn/T//cc6GSE9o.ltrans2.ltrans.o
                0x00000000080026e0                chEvtWaitOne.constprop.35
 .text.unlikely.chEvtWaitAny.constprop.34
                0x0000000008002710       0x2c /var/folders/fq/ltb3dbq95yq6ljzx21t9gnkc0000gn/T//cc6GSE9o.ltrans2.ltrans.o
                0x0000000008002710                chEvtWaitAny.constprop.34
 *fill*         0x000000000800273c        0x4 
 .text.chMBPost.constprop.20
                0x0000000008002740       0x40 /var/folders/fq/ltb3dbq95yq6ljzx21t9gnkc0000gn/T//cc6GSE9o.ltrans2.ltrans.o
                0x0000000008002740                chMBPost.constprop.20
 .text.chMBPostI.constprop.19
                0x0000000008002780       0x40 /var/folders/fq/ltb3dbq95yq6ljzx21t9gnkc0000gn/T//cc6GSE9o.ltrans2.ltrans.o
                0x0000000008002780                chMBPostI.constprop.19
 .text.chMBPostAhead.constprop.18
                0x00000000080027c0       0x40 /var/folders/fq/ltb3dbq95yq6ljzx21t9gnkc0000gn/T//cc6GSE9o.ltrans2.ltrans.o
                0x00000000080027c0                chMBPostAhead.constprop.18
 .text.chMBPostAheadI.constprop.17
                0x0000000008002800       0x40 /var/folders/fq/ltb3dbq95yq6ljzx21t9gnkc0000gn/T//cc6GSE9o.ltrans2.ltrans.o
                0x0000000008002800                chMBPostAheadI.constprop.17
 .text.unlikely.chMBFetch.constprop.16
                0x0000000008002840       0x40 /var/folders/fq/ltb3dbq95yq6ljzx21t9gnkc0000gn/T//cc6GSE9o.ltrans2.ltrans.o
                0x0000000008002840                chMBFetch.constprop.16
 .text.unlikely.chMBFetchI.constprop.15
                0x0000000008002880       0x38 /var/folders/fq/ltb3dbq95yq6ljzx21t9gnkc0000gn/T//cc6GSE9o.ltrans2.ltrans.o
                0x0000000008002880                chMBFetchI.constprop.15
 *fill*         0x00000000080028b8        0x8 
 .text.test_start_timer.constprop.2
                0x00000000080028c0       0x40 /var/folders/fq/ltb3dbq95yq6ljzx21t9gnkc0000gn/T//cc6GSE9o.ltrans2.ltrans.o
                0x00000000080028c0                test_start_timer.constprop.2
 .text.startup.main
                0x0000000008002900      0x660 /var/folders/fq/ltb3dbq95yq6ljzx21t9gnkc0000gn/T//cc6GSE9o.ltrans2.ltrans.o
                0x0000000008002900                main
 .text.mbox1_setup.lto_priv.101
                0x0000000008002f60       0x30 /var/folders/fq/ltb3dbq95yq6ljzx21t9gnkc0000gn/T//cc6GSE9o.ltrans3.ltrans.o
                0x0000000008002f60                mbox1_setup.lto_priv.101
 .text.mtx8_setup.lto_priv.98
                0x0000000008002f90       0x30 /var/folders/fq/ltb3dbq95yq6ljzx21t9gnkc0000gn/T//cc6GSE9o.ltrans3.ltrans.o
                0x0000000008002f90                mtx8_setup.lto_priv.98
 .text.mtx7_setup.lto_priv.96
                0x0000000008002fc0       0x20 /var/folders/fq/ltb3dbq95yq6ljzx21t9gnkc0000gn/T//cc6GSE9o.ltrans3.ltrans.o
                0x0000000008002fc0                mtx7_setup.lto_priv.96
 .text.mtx6_setup.lto_priv.94
                0x0000000008002fe0       0x20 /var/folders/fq/ltb3dbq95yq6ljzx21t9gnkc0000gn/T//cc6GSE9o.ltrans3.ltrans.o
                0x0000000008002fe0                mtx6_setup.lto_priv.94
 .text.mbox1_execute.lto_priv.102
                0x0000000008003000      0x510 /var/folders/fq/ltb3dbq95yq6ljzx21t9gnkc0000gn/T//cc6GSE9o.ltrans3.ltrans.o
                0x0000000008003000                mbox1_execute.lto_priv.102
 .text.thread   0x0000000008003510       0x20 /var/folders/fq/ltb3dbq95yq6ljzx21t9gnkc0000gn/T//cc6GSE9o.ltrans3.ltrans.o
 .text.msg1_execute.lto_priv.100
                0x0000000008003530       0x80 /var/folders/fq/ltb3dbq95yq6ljzx21t9gnkc0000gn/T//cc6GSE9o.ltrans3.ltrans.o
                0x0000000008003530                msg1_execute.lto_priv.100
 .text.mtx8_execute.lto_priv.99
                0x00000000080035b0       0x90 /var/folders/fq/ltb3dbq95yq6ljzx21t9gnkc0000gn/T//cc6GSE9o.ltrans3.ltrans.o
                0x00000000080035b0                mtx8_execute.lto_priv.99
 .text.thread12
                0x0000000008003640       0x20 /var/folders/fq/ltb3dbq95yq6ljzx21t9gnkc0000gn/T//cc6GSE9o.ltrans3.ltrans.o
 .text.thread11
                0x0000000008003660       0x90 /var/folders/fq/ltb3dbq95yq6ljzx21t9gnkc0000gn/T//cc6GSE9o.ltrans3.ltrans.o
 .text.thread10
                0x00000000080036f0       0x70 /var/folders/fq/ltb3dbq95yq6ljzx21t9gnkc0000gn/T//cc6GSE9o.ltrans3.ltrans.o
 .text.mtx7_execute.lto_priv.97
                0x0000000008003760       0xf0 /var/folders/fq/ltb3dbq95yq6ljzx21t9gnkc0000gn/T//cc6GSE9o.ltrans3.ltrans.o
                0x0000000008003760                mtx7_execute.lto_priv.97
 .text.mtx6_execute.lto_priv.95
                0x0000000008003850       0xe0 /var/folders/fq/ltb3dbq95yq6ljzx21t9gnkc0000gn/T//cc6GSE9o.ltrans3.ltrans.o
                0x0000000008003850                mtx6_execute.lto_priv.95
 .text.mtx5_execute.lto_priv.93
                0x0000000008003930       0xd0 /var/folders/fq/ltb3dbq95yq6ljzx21t9gnkc0000gn/T//cc6GSE9o.ltrans3.ltrans.o
                0x0000000008003930                mtx5_execute.lto_priv.93
 .text.bmk12_setup.lto_priv.136
                0x0000000008003a00       0x10 /var/folders/fq/ltb3dbq95yq6ljzx21t9gnkc0000gn/T//cc6GSE9o.ltrans4.ltrans.o
                0x0000000008003a00                bmk12_setup.lto_priv.136
 .text.bmk11_setup.lto_priv.134
                0x0000000008003a10       0x10 /var/folders/fq/ltb3dbq95yq6ljzx21t9gnkc0000gn/T//cc6GSE9o.ltrans4.ltrans.o
                0x0000000008003a10                bmk11_setup.lto_priv.134
 .text.tmo      0x0000000008003a20       0x10 /var/folders/fq/ltb3dbq95yq6ljzx21t9gnkc0000gn/T//cc6GSE9o.ltrans4.ltrans.o
 .text.bmk7_setup.lto_priv.129
                0x0000000008003a30       0x10 /var/folders/fq/ltb3dbq95yq6ljzx21t9gnkc0000gn/T//cc6GSE9o.ltrans4.ltrans.o
                0x0000000008003a30                bmk7_setup.lto_priv.129
 .text.sys2_execute.lto_priv.75
                0x0000000008003a40       0x10 /var/folders/fq/ltb3dbq95yq6ljzx21t9gnkc0000gn/T//cc6GSE9o.ltrans4.ltrans.o
                0x0000000008003a40                sys2_execute.lto_priv.75
 .text.bmk12_execute.lto_priv.137
                0x0000000008003a50       0x70 /var/folders/fq/ltb3dbq95yq6ljzx21t9gnkc0000gn/T//cc6GSE9o.ltrans4.ltrans.o
                0x0000000008003a50                bmk12_execute.lto_priv.137
 .text.bmk11_execute.lto_priv.135
                0x0000000008003ac0       0x70 /var/folders/fq/ltb3dbq95yq6ljzx21t9gnkc0000gn/T//cc6GSE9o.ltrans4.ltrans.o
                0x0000000008003ac0                bmk11_execute.lto_priv.135
 .text.thread3  0x0000000008003b30       0x30 /var/folders/fq/ltb3dbq95yq6ljzx21t9gnkc0000gn/T//cc6GSE9o.ltrans4.ltrans.o
 .text.bmk10_execute.lto_priv.133
                0x0000000008003b60       0x80 /var/folders/fq/ltb3dbq95yq6ljzx21t9gnkc0000gn/T//cc6GSE9o.ltrans4.ltrans.o
                0x0000000008003b60                bmk10_execute.lto_priv.133
 .text.bmk9_execute.lto_priv.132
                0x0000000008003be0       0xa0 /var/folders/fq/ltb3dbq95yq6ljzx21t9gnkc0000gn/T//cc6GSE9o.ltrans4.ltrans.o
                0x0000000008003be0                bmk9_execute.lto_priv.132
 .text.bmk8_execute.lto_priv.131
                0x0000000008003c80       0xf0 /var/folders/fq/ltb3dbq95yq6ljzx21t9gnkc0000gn/T//cc6GSE9o.ltrans4.ltrans.o
                0x0000000008003c80                bmk8_execute.lto_priv.131
 .text.bmk6_execute.lto_priv.128
                0x0000000008003d70       0x80 /var/folders/fq/ltb3dbq95yq6ljzx21t9gnkc0000gn/T//cc6GSE9o.ltrans4.ltrans.o
                0x0000000008003d70                bmk6_execute.lto_priv.128
 .text.thread8  0x0000000008003df0       0x30 /var/folders/fq/ltb3dbq95yq6ljzx21t9gnkc0000gn/T//cc6GSE9o.ltrans4.ltrans.o
 .text.bmk7_execute.lto_priv.130
                0x0000000008003e20      0x130 /var/folders/fq/ltb3dbq95yq6ljzx21t9gnkc0000gn/T//cc6GSE9o.ltrans4.ltrans.o
                0x0000000008003e20                bmk7_execute.lto_priv.130
 .text.bmk5_execute.lto_priv.127
                0x0000000008003f50       0x80 /var/folders/fq/ltb3dbq95yq6ljzx21t9gnkc0000gn/T//cc6GSE9o.ltrans4.ltrans.o
                0x0000000008003f50                bmk5_execute.lto_priv.127
 .text.bmk4_execute.lto_priv.126
                0x0000000008003fd0       0xa0 /var/folders/fq/ltb3dbq95yq6ljzx21t9gnkc0000gn/T//cc6GSE9o.ltrans4.ltrans.o
                0x0000000008003fd0                bmk4_execute.lto_priv.126
 .text.thread4  0x0000000008004070       0x20 /var/folders/fq/ltb3dbq95yq6ljzx21t9gnkc0000gn/T//cc6GSE9o.ltrans4.ltrans.o
 .text.thread2.lto_priv.140
                0x0000000008004090       0x20 /var/folders/fq/ltb3dbq95yq6ljzx21t9gnkc0000gn/T//cc6GSE9o.ltrans4.ltrans.o
 .text.msg_loop_test
                0x00000000080040b0       0x30 /var/folders/fq/ltb3dbq95yq6ljzx21t9gnkc0000gn/T//cc6GSE9o.ltrans4.ltrans.o
 .text.bmk3_execute.lto_priv.125
                0x00000000080040e0       0xf0 /var/folders/fq/ltb3dbq95yq6ljzx21t9gnkc0000gn/T//cc6GSE9o.ltrans4.ltrans.o
                0x00000000080040e0                bmk3_execute.lto_priv.125
 .text.bmk2_execute.lto_priv.124
                0x00000000080041d0       0x70 /var/folders/fq/ltb3dbq95yq6ljzx21t9gnkc0000gn/T//cc6GSE9o.ltrans4.ltrans.o
                0x00000000080041d0                bmk2_execute.lto_priv.124
 .text.bmk1_execute.lto_priv.123
                0x0000000008004240       0x70 /var/folders/fq/ltb3dbq95yq6ljzx21t9gnkc0000gn/T//cc6GSE9o.ltrans4.ltrans.o
                0x0000000008004240                bmk1_execute.lto_priv.123
 .text.sys3_execute.lto_priv.76
                0x00000000080042b0       0x70 /var/folders/fq/ltb3dbq95yq6ljzx21t9gnkc0000gn/T//cc6GSE9o.ltrans4.ltrans.o
                0x00000000080042b0                sys3_execute.lto_priv.76
 .text.sys1_execute.lto_priv.74
                0x0000000008004320       0x90 /var/folders/fq/ltb3dbq95yq6ljzx21t9gnkc0000gn/T//cc6GSE9o.ltrans4.ltrans.o
                0x0000000008004320                sys1_execute.lto_priv.74
 .text.vtcb     0x00000000080043b0       0x20 /var/folders/fq/ltb3dbq95yq6ljzx21t9gnkc0000gn/T//cc6GSE9o.ltrans4.ltrans.o
 .text.thread2.lto_priv.139
                0x00000000080043d0       0x20 /var/folders/fq/ltb3dbq95yq6ljzx21t9gnkc0000gn/T//cc6GSE9o.ltrans4.ltrans.o
 .text.queues2_execute.lto_priv.122
                0x00000000080043f0      0x210 /var/folders/fq/ltb3dbq95yq6ljzx21t9gnkc0000gn/T//cc6GSE9o.ltrans4.ltrans.o
                0x00000000080043f0                queues2_execute.lto_priv.122
 .text.thread1  0x0000000008004600       0x10 /var/folders/fq/ltb3dbq95yq6ljzx21t9gnkc0000gn/T//cc6GSE9o.ltrans4.ltrans.o
 .text.notify.lto_priv.141
                0x0000000008004610       0x10 /var/folders/fq/ltb3dbq95yq6ljzx21t9gnkc0000gn/T//cc6GSE9o.ltrans5.ltrans.o
                0x0000000008004610                notify.lto_priv.141
 .text.queues2_setup.lto_priv.121
                0x0000000008004620       0x30 /var/folders/fq/ltb3dbq95yq6ljzx21t9gnkc0000gn/T//cc6GSE9o.ltrans5.ltrans.o
                0x0000000008004620                queues2_setup.lto_priv.121
 .text.queues1_setup.lto_priv.119
                0x0000000008004650       0x30 /var/folders/fq/ltb3dbq95yq6ljzx21t9gnkc0000gn/T//cc6GSE9o.ltrans5.ltrans.o
                0x0000000008004650                queues1_setup.lto_priv.119
 .text.dyn3_setup.lto_priv.117
                0x0000000008004680       0x30 /var/folders/fq/ltb3dbq95yq6ljzx21t9gnkc0000gn/T//cc6GSE9o.ltrans5.ltrans.o
                0x0000000008004680                dyn3_setup.lto_priv.117
 .text.dyn2_setup.lto_priv.115
                0x00000000080046b0       0x20 /var/folders/fq/ltb3dbq95yq6ljzx21t9gnkc0000gn/T//cc6GSE9o.ltrans5.ltrans.o
                0x00000000080046b0                dyn2_setup.lto_priv.115
 .text.dyn1_setup.lto_priv.113
                0x00000000080046d0       0x30 /var/folders/fq/ltb3dbq95yq6ljzx21t9gnkc0000gn/T//cc6GSE9o.ltrans5.ltrans.o
                0x00000000080046d0                dyn1_setup.lto_priv.113
 .text.null_provider
                0x0000000008004700       0x10 /var/folders/fq/ltb3dbq95yq6ljzx21t9gnkc0000gn/T//cc6GSE9o.ltrans5.ltrans.o
 .text.pools1_setup.lto_priv.111
                0x0000000008004710       0x20 /var/folders/fq/ltb3dbq95yq6ljzx21t9gnkc0000gn/T//cc6GSE9o.ltrans5.ltrans.o
                0x0000000008004710                pools1_setup.lto_priv.111
 .text.thread1  0x0000000008004730       0x10 /var/folders/fq/ltb3dbq95yq6ljzx21t9gnkc0000gn/T//cc6GSE9o.ltrans5.ltrans.o
 .text.thread.lto_priv.62
                0x0000000008004740       0x10 /var/folders/fq/ltb3dbq95yq6ljzx21t9gnkc0000gn/T//cc6GSE9o.ltrans5.ltrans.o
                0x0000000008004740                thread.lto_priv.62
 .text.queues1_execute.lto_priv.120
                0x0000000008004750      0x230 /var/folders/fq/ltb3dbq95yq6ljzx21t9gnkc0000gn/T//cc6GSE9o.ltrans5.ltrans.o
                0x0000000008004750                queues1_execute.lto_priv.120
 .text.regfind  0x0000000008004980       0x50 /var/folders/fq/ltb3dbq95yq6ljzx21t9gnkc0000gn/T//cc6GSE9o.ltrans5.ltrans.o
 .text.dyn3_execute.lto_priv.118
                0x00000000080049d0      0x120 /var/folders/fq/ltb3dbq95yq6ljzx21t9gnkc0000gn/T//cc6GSE9o.ltrans5.ltrans.o
                0x00000000080049d0                dyn3_execute.lto_priv.118
 .text.pools1_execute.lto_priv.112
                0x0000000008004af0       0xd0 /var/folders/fq/ltb3dbq95yq6ljzx21t9gnkc0000gn/T//cc6GSE9o.ltrans5.ltrans.o
                0x0000000008004af0                pools1_execute.lto_priv.112
 .text.dyn2_execute.lto_priv.116
                0x0000000008004bc0      0x100 /var/folders/fq/ltb3dbq95yq6ljzx21t9gnkc0000gn/T//cc6GSE9o.ltrans5.ltrans.o
                0x0000000008004bc0                dyn2_execute.lto_priv.116
 .text.dyn1_execute.lto_priv.114
                0x0000000008004cc0       0xe0 /var/folders/fq/ltb3dbq95yq6ljzx21t9gnkc0000gn/T//cc6GSE9o.ltrans5.ltrans.o
                0x0000000008004cc0                dyn1_execute.lto_priv.114
 .text.heap1_execute.lto_priv.110
                0x0000000008004da0      0x250 /var/folders/fq/ltb3dbq95yq6ljzx21t9gnkc0000gn/T//cc6GSE9o.ltrans5.ltrans.o
                0x0000000008004da0                heap1_execute.lto_priv.110
 .text.heap1_setup.lto_priv.109
                0x0000000008004ff0       0x30 /var/folders/fq/ltb3dbq95yq6ljzx21t9gnkc0000gn/T//cc6GSE9o.ltrans6.ltrans.o
                0x0000000008004ff0                heap1_setup.lto_priv.109
 .text.evt3_execute.lto_priv.108
                0x0000000008005020      0x130 /var/folders/fq/ltb3dbq95yq6ljzx21t9gnkc0000gn/T//cc6GSE9o.ltrans6.ltrans.o
                0x0000000008005020                evt3_execute.lto_priv.108
 .text.evt3_setup.lto_priv.107
                0x0000000008005150       0x10 /var/folders/fq/ltb3dbq95yq6ljzx21t9gnkc0000gn/T//cc6GSE9o.ltrans6.ltrans.o
                0x0000000008005150                evt3_setup.lto_priv.107
 .text.evt2_setup.lto_priv.105
                0x0000000008005160       0x10 /var/folders/fq/ltb3dbq95yq6ljzx21t9gnkc0000gn/T//cc6GSE9o.ltrans6.ltrans.o
                0x0000000008005160                evt2_setup.lto_priv.105
 .text.evt1_setup.lto_priv.103
                0x0000000008005170       0x10 /var/folders/fq/ltb3dbq95yq6ljzx21t9gnkc0000gn/T//cc6GSE9o.ltrans6.ltrans.o
                0x0000000008005170                evt1_setup.lto_priv.103
 .text.evt2_execute.lto_priv.106
                0x0000000008005180      0x2e0 /var/folders/fq/ltb3dbq95yq6ljzx21t9gnkc0000gn/T//cc6GSE9o.ltrans6.ltrans.o
                0x0000000008005180                evt2_execute.lto_priv.106
 .text.thread2  0x0000000008005460       0x40 /var/folders/fq/ltb3dbq95yq6ljzx21t9gnkc0000gn/T//cc6GSE9o.ltrans6.ltrans.o
 .text.thread1  0x00000000080054a0       0x20 /var/folders/fq/ltb3dbq95yq6ljzx21t9gnkc0000gn/T//cc6GSE9o.ltrans6.ltrans.o
 .text.evt1_execute.lto_priv.104
                0x00000000080054c0       0xd0 /var/folders/fq/ltb3dbq95yq6ljzx21t9gnkc0000gn/T//cc6GSE9o.ltrans6.ltrans.o
                0x00000000080054c0                evt1_execute.lto_priv.104
 .text.h3       0x0000000008005590       0x10 /var/folders/fq/ltb3dbq95yq6ljzx21t9gnkc0000gn/T//cc6GSE9o.ltrans6.ltrans.o
 .text.h2       0x00000000080055a0       0x10 /var/folders/fq/ltb3dbq95yq6ljzx21t9gnkc0000gn/T//cc6GSE9o.ltrans6.ltrans.o
 .text.h1       0x00000000080055b0       0x10 /var/folders/fq/ltb3dbq95yq6ljzx21t9gnkc0000gn/T//cc6GSE9o.ltrans6.ltrans.o
 *(.rodata)
 *(.rodata.*)
 .rodata.wakeup.lto_priv.152
                0x00000000080055c0       0x20 /var/folders/fq/ltb3dbq95yq6ljzx21t9gnkc0000gn/T//cc6GSE9o.ltrans0.ltrans.o
 .rodata.str1.4
                0x00000000080055e0        0xb /var/folders/fq/ltb3dbq95yq6ljzx21t9gnkc0000gn/T//cc6GSE9o.ltrans0.ltrans.o
                                          0xc (size before relaxing)
 *fill*         0x00000000080055eb        0x5 
 .rodata.str1.4
                0x00000000080055f0       0x16 /var/folders/fq/ltb3dbq95yq6ljzx21t9gnkc0000gn/T//cc6GSE9o.ltrans1.ltrans.o
                                         0x1c (size before relaxing)
 *fill*         0x0000000008005606        0xa 
 .rodata.testmtx4
                0x0000000008005610       0x10 /var/folders/fq/ltb3dbq95yq6ljzx21t9gnkc0000gn/T//cc6GSE9o.ltrans2.ltrans.o
 .rodata.testmtx5
                0x0000000008005620       0x10 /var/folders/fq/ltb3dbq95yq6ljzx21t9gnkc0000gn/T//cc6GSE9o.ltrans2.ltrans.o
 .rodata.testmtx6
                0x0000000008005630       0x10 /var/folders/fq/ltb3dbq95yq6ljzx21t9gnkc0000gn/T//cc6GSE9o.ltrans2.ltrans.o
 .rodata.testmtx7
                0x0000000008005640       0x10 /var/folders/fq/ltb3dbq95yq6ljzx21t9gnkc0000gn/T//cc6GSE9o.ltrans2.ltrans.o
 .rodata.testmtx8
                0x0000000008005650       0x10 /var/folders/fq/ltb3dbq95yq6ljzx21t9gnkc0000gn/T//cc6GSE9o.ltrans2.ltrans.o
 .rodata.patternmsg
                0x0000000008005660        0x8 /var/folders/fq/ltb3dbq95yq6ljzx21t9gnkc0000gn/T//cc6GSE9o.ltrans2.ltrans.o
 *fill*         0x0000000008005668        0x8 
 .rodata.patterndyn
                0x0000000008005670       0x10 /var/folders/fq/ltb3dbq95yq6ljzx21t9gnkc0000gn/T//cc6GSE9o.ltrans2.ltrans.o
 .rodata.testbmk11
                0x0000000008005680       0x10 /var/folders/fq/ltb3dbq95yq6ljzx21t9gnkc0000gn/T//cc6GSE9o.ltrans2.ltrans.o
 .rodata.ch_debug
                0x0000000008005690       0x18 /var/folders/fq/ltb3dbq95yq6ljzx21t9gnkc0000gn/T//cc6GSE9o.ltrans2.ltrans.o
 *fill*         0x00000000080056a8        0x8 
 .rodata.patternevt
                0x00000000080056b0       0x10 /var/folders/fq/ltb3dbq95yq6ljzx21t9gnkc0000gn/T//cc6GSE9o.ltrans2.ltrans.o
 .rodata.testevt2
                0x00000000080056c0       0x10 /var/folders/fq/ltb3dbq95yq6ljzx21t9gnkc0000gn/T//cc6GSE9o.ltrans2.ltrans.o
 .rodata.testsys2
                0x00000000080056d0       0x10 /var/folders/fq/ltb3dbq95yq6ljzx21t9gnkc0000gn/T//cc6GSE9o.ltrans2.ltrans.o
 .rodata.testsys3
                0x00000000080056e0       0x10 /var/folders/fq/ltb3dbq95yq6ljzx21t9gnkc0000gn/T//cc6GSE9o.ltrans2.ltrans.o
 .rodata.testsys1
                0x00000000080056f0       0x10 /var/folders/fq/ltb3dbq95yq6ljzx21t9gnkc0000gn/T//cc6GSE9o.ltrans2.ltrans.o
 .rodata.vmt    0x0000000008005700       0x20 /var/folders/fq/ltb3dbq95yq6ljzx21t9gnkc0000gn/T//cc6GSE9o.ltrans2.ltrans.o
 .rodata.testsem1
                0x0000000008005720       0x10 /var/folders/fq/ltb3dbq95yq6ljzx21t9gnkc0000gn/T//cc6GSE9o.ltrans2.ltrans.o
 .rodata.testsem2
                0x0000000008005730       0x10 /var/folders/fq/ltb3dbq95yq6ljzx21t9gnkc0000gn/T//cc6GSE9o.ltrans2.ltrans.o
 .rodata.testsem3
                0x0000000008005740       0x10 /var/folders/fq/ltb3dbq95yq6ljzx21t9gnkc0000gn/T//cc6GSE9o.ltrans2.ltrans.o
 .rodata.testsem4
                0x0000000008005750       0x10 /var/folders/fq/ltb3dbq95yq6ljzx21t9gnkc0000gn/T//cc6GSE9o.ltrans2.ltrans.o
 .rodata.testheap1
                0x0000000008005760       0x10 /var/folders/fq/ltb3dbq95yq6ljzx21t9gnkc0000gn/T//cc6GSE9o.ltrans2.ltrans.o
 .rodata.testthd2
                0x0000000008005770       0x10 /var/folders/fq/ltb3dbq95yq6ljzx21t9gnkc0000gn/T//cc6GSE9o.ltrans2.ltrans.o
 .rodata.testbmk7
                0x0000000008005780       0x10 /var/folders/fq/ltb3dbq95yq6ljzx21t9gnkc0000gn/T//cc6GSE9o.ltrans2.ltrans.o
 .rodata.testbmk3
                0x0000000008005790       0x10 /var/folders/fq/ltb3dbq95yq6ljzx21t9gnkc0000gn/T//cc6GSE9o.ltrans2.ltrans.o
 .rodata.testbmk10
                0x00000000080057a0       0x10 /var/folders/fq/ltb3dbq95yq6ljzx21t9gnkc0000gn/T//cc6GSE9o.ltrans2.ltrans.o
 .rodata.testbmk4
                0x00000000080057b0       0x10 /var/folders/fq/ltb3dbq95yq6ljzx21t9gnkc0000gn/T//cc6GSE9o.ltrans2.ltrans.o
 .rodata.testbmk12
                0x00000000080057c0       0x10 /var/folders/fq/ltb3dbq95yq6ljzx21t9gnkc0000gn/T//cc6GSE9o.ltrans2.ltrans.o
 .rodata.testbmk13
                0x00000000080057d0       0x10 /var/folders/fq/ltb3dbq95yq6ljzx21t9gnkc0000gn/T//cc6GSE9o.ltrans2.ltrans.o
 .rodata.testbmk1
                0x00000000080057e0       0x10 /var/folders/fq/ltb3dbq95yq6ljzx21t9gnkc0000gn/T//cc6GSE9o.ltrans2.ltrans.o
 .rodata.testbmk2
                0x00000000080057f0       0x10 /var/folders/fq/ltb3dbq95yq6ljzx21t9gnkc0000gn/T//cc6GSE9o.ltrans2.ltrans.o
 .rodata.testbmk5
                0x0000000008005800       0x10 /var/folders/fq/ltb3dbq95yq6ljzx21t9gnkc0000gn/T//cc6GSE9o.ltrans2.ltrans.o
 .rodata.testbmk6
                0x0000000008005810       0x10 /var/folders/fq/ltb3dbq95yq6ljzx21t9gnkc0000gn/T//cc6GSE9o.ltrans2.ltrans.o
 .rodata.patternsys
                0x0000000008005820       0x10 /var/folders/fq/ltb3dbq95yq6ljzx21t9gnkc0000gn/T//cc6GSE9o.ltrans2.ltrans.o
 .rodata.testbmk8
                0x0000000008005830       0x10 /var/folders/fq/ltb3dbq95yq6ljzx21t9gnkc0000gn/T//cc6GSE9o.ltrans2.ltrans.o
 .rodata.testbmk9
                0x0000000008005840       0x10 /var/folders/fq/ltb3dbq95yq6ljzx21t9gnkc0000gn/T//cc6GSE9o.ltrans2.ltrans.o
 .rodata.patternbmk
                0x0000000008005850       0x38 /var/folders/fq/ltb3dbq95yq6ljzx21t9gnkc0000gn/T//cc6GSE9o.ltrans2.ltrans.o
 *fill*         0x0000000008005888        0x8 
 .rodata.patterns
                0x0000000008005890       0x34 /var/folders/fq/ltb3dbq95yq6ljzx21t9gnkc0000gn/T//cc6GSE9o.ltrans2.ltrans.o
 *fill*         0x00000000080058c4        0xc 
 .rodata.testdyn1
                0x00000000080058d0       0x10 /var/folders/fq/ltb3dbq95yq6ljzx21t9gnkc0000gn/T//cc6GSE9o.ltrans2.ltrans.o
 .rodata.testdyn2
                0x00000000080058e0       0x10 /var/folders/fq/ltb3dbq95yq6ljzx21t9gnkc0000gn/T//cc6GSE9o.ltrans2.ltrans.o
 .rodata.testdyn3
                0x00000000080058f0       0x10 /var/folders/fq/ltb3dbq95yq6ljzx21t9gnkc0000gn/T//cc6GSE9o.ltrans2.ltrans.o
 .rodata.testmbox1
                0x0000000008005900       0x10 /var/folders/fq/ltb3dbq95yq6ljzx21t9gnkc0000gn/T//cc6GSE9o.ltrans2.ltrans.o
 .rodata.patternheap
                0x0000000008005910        0x8 /var/folders/fq/ltb3dbq95yq6ljzx21t9gnkc0000gn/T//cc6GSE9o.ltrans2.ltrans.o
 *fill*         0x0000000008005918        0x8 
 .rodata.patternqueues
                0x0000000008005920        0xc /var/folders/fq/ltb3dbq95yq6ljzx21t9gnkc0000gn/T//cc6GSE9o.ltrans2.ltrans.o
 *fill*         0x000000000800592c        0x4 
 .rodata.testpools1
                0x0000000008005930       0x10 /var/folders/fq/ltb3dbq95yq6ljzx21t9gnkc0000gn/T//cc6GSE9o.ltrans2.ltrans.o
 .rodata.testmsg1
                0x0000000008005940       0x10 /var/folders/fq/ltb3dbq95yq6ljzx21t9gnkc0000gn/T//cc6GSE9o.ltrans2.ltrans.o
 .rodata.patternthd
                0x0000000008005950       0x14 /var/folders/fq/ltb3dbq95yq6ljzx21t9gnkc0000gn/T//cc6GSE9o.ltrans2.ltrans.o
 *fill*         0x0000000008005964        0xc 
 .rodata.testqueues1
                0x0000000008005970       0x10 /var/folders/fq/ltb3dbq95yq6ljzx21t9gnkc0000gn/T//cc6GSE9o.ltrans2.ltrans.o
 .rodata.testqueues2
                0x0000000008005980       0x10 /var/folders/fq/ltb3dbq95yq6ljzx21t9gnkc0000gn/T//cc6GSE9o.ltrans2.ltrans.o
 .rodata.patternmbox
                0x0000000008005990        0x8 /var/folders/fq/ltb3dbq95yq6ljzx21t9gnkc0000gn/T//cc6GSE9o.ltrans2.ltrans.o
 *fill*         0x0000000008005998        0x8 
 .rodata.testthd1
                0x00000000080059a0       0x10 /var/folders/fq/ltb3dbq95yq6ljzx21t9gnkc0000gn/T//cc6GSE9o.ltrans2.ltrans.o
 .rodata.testthd4
                0x00000000080059b0       0x10 /var/folders/fq/ltb3dbq95yq6ljzx21t9gnkc0000gn/T//cc6GSE9o.ltrans2.ltrans.o
 .rodata.testthd3
                0x00000000080059c0       0x10 /var/folders/fq/ltb3dbq95yq6ljzx21t9gnkc0000gn/T//cc6GSE9o.ltrans2.ltrans.o
 .rodata.patternsem
                0x00000000080059d0       0x14 /var/folders/fq/ltb3dbq95yq6ljzx21t9gnkc0000gn/T//cc6GSE9o.ltrans2.ltrans.o
 *fill*         0x00000000080059e4        0xc 
 .rodata.testevt1
                0x00000000080059f0       0x10 /var/folders/fq/ltb3dbq95yq6ljzx21t9gnkc0000gn/T//cc6GSE9o.ltrans2.ltrans.o
 .rodata.testevt3
                0x0000000008005a00       0x10 /var/folders/fq/ltb3dbq95yq6ljzx21t9gnkc0000gn/T//cc6GSE9o.ltrans2.ltrans.o
 .rodata.patternmtx
                0x0000000008005a10       0x1c /var/folders/fq/ltb3dbq95yq6ljzx21t9gnkc0000gn/T//cc6GSE9o.ltrans2.ltrans.o
 *fill*         0x0000000008005a2c        0x4 
 .rodata.str1.4
                0x0000000008005a30      0x783 /var/folders/fq/ltb3dbq95yq6ljzx21t9gnkc0000gn/T//cc6GSE9o.ltrans2.ltrans.o
                                        0x790 (size before relaxing)
 *fill*         0x00000000080061b3        0xd 
 .rodata.testmtx1
                0x00000000080061c0       0x10 /var/folders/fq/ltb3dbq95yq6ljzx21t9gnkc0000gn/T//cc6GSE9o.ltrans2.ltrans.o
 .rodata.patternpools
                0x00000000080061d0        0x8 /var/folders/fq/ltb3dbq95yq6ljzx21t9gnkc0000gn/T//cc6GSE9o.ltrans2.ltrans.o
 *fill*         0x00000000080061d8        0x8 
 .rodata.str1.4
                0x00000000080061e0        0x4 /var/folders/fq/ltb3dbq95yq6ljzx21t9gnkc0000gn/T//cc6GSE9o.ltrans3.ltrans.o
                                         0x20 (size before relaxing)
 *fill*         0x00000000080061e4        0xc 
 .rodata.str1.4
                0x00000000080061f0       0x85 /var/folders/fq/ltb3dbq95yq6ljzx21t9gnkc0000gn/T//cc6GSE9o.ltrans4.ltrans.o
                                         0x88 (size before relaxing)
 *fill*         0x0000000008006275        0xb 
 .rodata.wa     0x0000000008006280       0x14 /var/folders/fq/ltb3dbq95yq6ljzx21t9gnkc0000gn/T//cc6GSE9o.ltrans4.ltrans.o
                0x0000000008006280                wa
 *fill*         0x0000000008006294        0xc 
 .rodata.str1.4
                0x00000000080062a0        0x4 /var/folders/fq/ltb3dbq95yq6ljzx21t9gnkc0000gn/T//cc6GSE9o.ltrans5.ltrans.o
                                         0x20 (size before relaxing)
 .rodata.str1.4
                0x0000000000000000        0x8 /var/folders/fq/ltb3dbq95yq6ljzx21t9gnkc0000gn/T//cc6GSE9o.ltrans6.ltrans.o
 *fill*         0x00000000080062a4        0xc 
 .rodata.evhndl
                0x00000000080062b0        0xc /var/folders/fq/ltb3dbq95yq6ljzx21t9gnkc0000gn/T//cc6GSE9o.ltrans6.ltrans.o
 *(.glue_7t)
 .glue_7t       0x0000000000000000        0x0 linker stubs
 *(.glue_7)
 .glue_7        0x0000000000000000        0x0 linker stubs
 *(.gcc*)

.vfp11_veneer   0x00000000080062bc        0x0
 .vfp11_veneer  0x0000000000000000        0x0 linker stubs

.v4_bx          0x00000000080062bc        0x0
 .v4_bx         0x0000000000000000        0x0 linker stubs

.iplt           0x00000000080062bc        0x0
 .iplt          0x0000000000000000        0x0 build/obj/crt0_v6m.o

.rel.dyn        0x00000000080062bc        0x0
 .rel.iplt      0x0000000000000000        0x0 build/obj/crt0_v6m.o

.ARM.extab
 *(.ARM.extab* .gnu.linkonce.armextab.*)

.ARM.exidx      0x00000000080062bc        0x0
                0x00000000080062bc                PROVIDE (__exidx_start, .)
 *(.ARM.exidx* .gnu.linkonce.armexidx.*)
                0x00000000080062bc                PROVIDE (__exidx_end, .)

.eh_frame_hdr
 *(.eh_frame_hdr)

.eh_frame
 *(.eh_frame)

.textalign      0x00000000080062bc        0x4
                0x00000000080062c0                . = ALIGN (0x8)
 *fill*         0x00000000080062bc        0x4 
                0x00000000080062c0                . = ALIGN (0x4)
                0x00000000080062c0                _etext = .
                0x00000000080062c0                _textdata = _etext

.mstack         0x0000000020000000      0x400
                0x0000000020000000                . = ALIGN (0x8)
                0x0000000020000000                __main_stack_base__ = .
                0x0000000020000400                . = (. + __main_stack_size__)
 *fill*         0x0000000020000000      0x400 
                0x0000000020000400                . = ALIGN (0x8)
                0x0000000020000400                __main_stack_end__ = .

.pstack         0x0000000020000400      0x200
                0x0000000020000400                __process_stack_base__ = .
                0x0000000020000400                __main_thread_stack_base__ = .
                0x0000000020000600                . = (. + __process_stack_size__)
 *fill*         0x0000000020000400      0x200 
                0x0000000020000600                . = ALIGN (0x8)
                0x0000000020000600                __process_stack_end__ = .
                0x0000000020000600                __main_thread_stack_end__ = .

.data           0x0000000020000600       0xb8 load address 0x00000000080062c0
                0x0000000020000600                . = ALIGN (0x4)
                0x0000000020000600                PROVIDE (_data, .)
 *(.data)
 *(.data.*)
 .data.sem1.lto_priv.157
                0x0000000020000600        0xc /var/folders/fq/ltb3dbq95yq6ljzx21t9gnkc0000gn/T//cc6GSE9o.ltrans2.ltrans.o
                0x0000000020000600                sem1.lto_priv.157
 .data.mb1.lto_priv.150
                0x000000002000060c       0x28 /var/folders/fq/ltb3dbq95yq6ljzx21t9gnkc0000gn/T//cc6GSE9o.ltrans2.ltrans.o
                0x000000002000060c                mb1.lto_priv.150
 .data.c1.lto_priv.151
                0x0000000020000634        0x8 /var/folders/fq/ltb3dbq95yq6ljzx21t9gnkc0000gn/T//cc6GSE9o.ltrans2.ltrans.o
                0x0000000020000634                c1.lto_priv.151
 .data.m1.lto_priv.153
                0x000000002000063c       0x10 /var/folders/fq/ltb3dbq95yq6ljzx21t9gnkc0000gn/T//cc6GSE9o.ltrans3.ltrans.o
                0x000000002000063c                m1.lto_priv.153
 .data.m2.lto_priv.154
                0x000000002000064c       0x10 /var/folders/fq/ltb3dbq95yq6ljzx21t9gnkc0000gn/T//cc6GSE9o.ltrans3.ltrans.o
                0x000000002000064c                m2.lto_priv.154
 .data.oq.lto_priv.143
                0x000000002000065c       0x24 /var/folders/fq/ltb3dbq95yq6ljzx21t9gnkc0000gn/T//cc6GSE9o.ltrans4.ltrans.o
                0x000000002000065c                oq.lto_priv.143
 .data.mp1.lto_priv.145
                0x0000000020000680        0xc /var/folders/fq/ltb3dbq95yq6ljzx21t9gnkc0000gn/T//cc6GSE9o.ltrans5.ltrans.o
 .data.iq       0x000000002000068c       0x24 /var/folders/fq/ltb3dbq95yq6ljzx21t9gnkc0000gn/T//cc6GSE9o.ltrans5.ltrans.o
 .data.es1      0x00000000200006b0        0x4 /var/folders/fq/ltb3dbq95yq6ljzx21t9gnkc0000gn/T//cc6GSE9o.ltrans6.ltrans.o
 .data.es2      0x00000000200006b4        0x4 /var/folders/fq/ltb3dbq95yq6ljzx21t9gnkc0000gn/T//cc6GSE9o.ltrans6.ltrans.o
 *(.ramtext)
                0x00000000200006b8                . = ALIGN (0x4)
                0x00000000200006b8                PROVIDE (_edata, .)

.igot.plt       0x00000000200006b8        0x0 load address 0x0000000008006378
 .igot.plt      0x0000000000000000        0x0 build/obj/crt0_v6m.o

.bss            0x00000000200006b8      0xab0 load address 0x0000000008006378
                0x00000000200006b8                . = ALIGN (0x4)
                0x00000000200006b8                PROVIDE (_bss_start, .)
 *(.bss)
 *(.bss.*)
 .bss.failpoint.lto_priv.161
                0x00000000200006b8        0x4 /var/folders/fq/ltb3dbq95yq6ljzx21t9gnkc0000gn/T//cc6GSE9o.ltrans2.ltrans.o
                0x00000000200006b8                failpoint.lto_priv.161
 *fill*         0x00000000200006bc        0x4 
 .bss.test      0x00000000200006c0      0x668 /var/folders/fq/ltb3dbq95yq6ljzx21t9gnkc0000gn/T//cc6GSE9o.ltrans2.ltrans.o
                0x00000000200006c0                test
 .bss.waThread1
                0x0000000020000d28      0x148 /var/folders/fq/ltb3dbq95yq6ljzx21t9gnkc0000gn/T//cc6GSE9o.ltrans2.ltrans.o
 .bss.heap1.lto_priv.144
                0x0000000020000e70       0x20 /var/folders/fq/ltb3dbq95yq6ljzx21t9gnkc0000gn/T//cc6GSE9o.ltrans2.ltrans.o
                0x0000000020000e70                heap1.lto_priv.144
 .bss.nextmem.lto_priv.148
                0x0000000020000e90        0x4 /var/folders/fq/ltb3dbq95yq6ljzx21t9gnkc0000gn/T//cc6GSE9o.ltrans2.ltrans.o
                0x0000000020000e90                nextmem.lto_priv.148
 .bss.test_global_fail
                0x0000000020000e94        0x1 /var/folders/fq/ltb3dbq95yq6ljzx21t9gnkc0000gn/T//cc6GSE9o.ltrans2.ltrans.o
                0x0000000020000e94                test_global_fail
 .bss.local_fail.lto_priv.160
                0x0000000020000e95        0x1 /var/folders/fq/ltb3dbq95yq6ljzx21t9gnkc0000gn/T//cc6GSE9o.ltrans2.ltrans.o
                0x0000000020000e95                local_fail.lto_priv.160
 .bss.test_timer_done
                0x0000000020000e96        0x1 /var/folders/fq/ltb3dbq95yq6ljzx21t9gnkc0000gn/T//cc6GSE9o.ltrans2.ltrans.o
                0x0000000020000e96                test_timer_done
 *fill*         0x0000000020000e97        0x1 
 .bss.SD2       0x0000000020000e98       0x7c /var/folders/fq/ltb3dbq95yq6ljzx21t9gnkc0000gn/T//cc6GSE9o.ltrans2.ltrans.o
                0x0000000020000e98                SD2
 .bss.mp1.lto_priv.146
                0x0000000020000f14        0xc /var/folders/fq/ltb3dbq95yq6ljzx21t9gnkc0000gn/T//cc6GSE9o.ltrans2.ltrans.o
                0x0000000020000f14                mp1.lto_priv.146
 .bss.ch        0x0000000020000f20      0x148 /var/folders/fq/ltb3dbq95yq6ljzx21t9gnkc0000gn/T//cc6GSE9o.ltrans2.ltrans.o
                0x0000000020000f20                ch
 .bss.chp.lto_priv.159
                0x0000000020001068        0x4 /var/folders/fq/ltb3dbq95yq6ljzx21t9gnkc0000gn/T//cc6GSE9o.ltrans2.ltrans.o
                0x0000000020001068                chp.lto_priv.159
 *fill*         0x000000002000106c        0x4 
 .bss.default_heap.lto_priv.164
                0x0000000020001070       0x20 /var/folders/fq/ltb3dbq95yq6ljzx21t9gnkc0000gn/T//cc6GSE9o.ltrans2.ltrans.o
                0x0000000020001070                default_heap.lto_priv.164
 .bss.threads   0x0000000020001090       0x14 /var/folders/fq/ltb3dbq95yq6ljzx21t9gnkc0000gn/T//cc6GSE9o.ltrans2.ltrans.o
                0x0000000020001090                threads
 .bss.tokp.lto_priv.162
                0x00000000200010a4        0x4 /var/folders/fq/ltb3dbq95yq6ljzx21t9gnkc0000gn/T//cc6GSE9o.ltrans2.ltrans.o
                0x00000000200010a4                tokp.lto_priv.162
 .bss.vt        0x00000000200010a8       0x14 /var/folders/fq/ltb3dbq95yq6ljzx21t9gnkc0000gn/T//cc6GSE9o.ltrans2.ltrans.o
 .bss.tokens_buffer.lto_priv.163
                0x00000000200010bc       0x10 /var/folders/fq/ltb3dbq95yq6ljzx21t9gnkc0000gn/T//cc6GSE9o.ltrans2.ltrans.o
                0x00000000200010bc                tokens_buffer.lto_priv.163
 .bss.endmem.lto_priv.147
                0x00000000200010cc        0x4 /var/folders/fq/ltb3dbq95yq6ljzx21t9gnkc0000gn/T//cc6GSE9o.ltrans2.ltrans.o
                0x00000000200010cc                endmem.lto_priv.147
 .bss.vt1.5778  0x00000000200010d0       0x14 /var/folders/fq/ltb3dbq95yq6ljzx21t9gnkc0000gn/T//cc6GSE9o.ltrans4.ltrans.o
 .bss.mtx1      0x00000000200010e4       0x10 /var/folders/fq/ltb3dbq95yq6ljzx21t9gnkc0000gn/T//cc6GSE9o.ltrans4.ltrans.o
 .bss.ib.5767   0x00000000200010f4       0x10 /var/folders/fq/ltb3dbq95yq6ljzx21t9gnkc0000gn/T//cc6GSE9o.ltrans4.ltrans.o
 .bss.iq.5768   0x0000000020001104       0x24 /var/folders/fq/ltb3dbq95yq6ljzx21t9gnkc0000gn/T//cc6GSE9o.ltrans4.ltrans.o
 .bss.sem1      0x0000000020001128        0xc /var/folders/fq/ltb3dbq95yq6ljzx21t9gnkc0000gn/T//cc6GSE9o.ltrans4.ltrans.o
 .bss.vt2.5779  0x0000000020001134       0x14 /var/folders/fq/ltb3dbq95yq6ljzx21t9gnkc0000gn/T//cc6GSE9o.ltrans4.ltrans.o
 .bss.test_heap.lto_priv.149
                0x0000000020001148       0x20 /var/folders/fq/ltb3dbq95yq6ljzx21t9gnkc0000gn/T//cc6GSE9o.ltrans5.ltrans.o
                0x0000000020001148                test_heap.lto_priv.149
 *(COMMON)
                0x0000000020001168                . = ALIGN (0x4)
                0x0000000020001168                PROVIDE (_bss_end, .)
                0x0000000020001168                PROVIDE (end, .)

.ram0           0x0000000020001168        0x0 load address 0x0000000008006378
                0x0000000020001168                . = ALIGN (0x4)
 *(.ram0)
 *(.ram0.*)
                0x0000000020001168                . = ALIGN (0x4)
                0x0000000020001168                __ram0_free__ = .

.ram1           0x0000000000000000        0x0
                0x0000000000000000                . = ALIGN (0x4)
 *(.ram1)
 *(.ram1.*)
                0x0000000000000000                . = ALIGN (0x4)
                0x0000000000000000                __ram1_free__ = .

.ram2           0x0000000000000000        0x0
                0x0000000000000000                . = ALIGN (0x4)
 *(.ram2)
 *(.ram2.*)
                0x0000000000000000                . = ALIGN (0x4)
                0x0000000000000000                __ram2_free__ = .

.ram3           0x0000000000000000        0x0
                0x0000000000000000                . = ALIGN (0x4)
 *(.ram3)
 *(.ram3.*)
                0x0000000000000000                . = ALIGN (0x4)
                0x0000000000000000                __ram3_free__ = .

.ram4           0x0000000000000000        0x0
                0x0000000000000000                . = ALIGN (0x4)
 *(.ram4)
 *(.ram4.*)
                0x0000000000000000                . = ALIGN (0x4)
                0x0000000000000000                __ram4_free__ = .

.ram5           0x0000000000000000        0x0
                0x0000000000000000                . = ALIGN (0x4)
 *(.ram5)
 *(.ram5.*)
                0x0000000000000000                . = ALIGN (0x4)
                0x0000000000000000                __ram5_free__ = .

.ram6           0x0000000000000000        0x0
                0x0000000000000000                . = ALIGN (0x4)
 *(.ram6)
 *(.ram6.*)
                0x0000000000000000                . = ALIGN (0x4)
                0x0000000000000000                __ram6_free__ = .

.ram7           0x0000000000000000        0x0
                0x0000000000000000                . = ALIGN (0x4)
 *(.ram7)
 *(.ram7.*)
                0x0000000000000000                . = ALIGN (0x4)
                0x0000000000000000                __ram7_free__ = .
                0x0000000020001168                __heap_base__ = __ram0_free__
                0x0000000020004000                __heap_end__ = __ram0_end__
                0x0000000000000200                __process_stack_size__ = 0x200
                0x0000000000000400                __main_stack_size__ = 0x400
START GROUP
LOAD /opt/gcc-arm/bin/../lib/gcc/arm-none-eabi/4.9.3/armv6-m/libgcc.a
LOAD /opt/gcc-arm/bin/../lib/gcc/arm-none-eabi/4.9.3/../../../../arm-none-eabi/lib/armv6-m/libg.a
LOAD /opt/gcc-arm/bin/../lib/gcc/arm-none-eabi/4.9.3/../../../../arm-none-eabi/lib/armv6-m/libc.a
END GROUP
OUTPUT(build/ch.elf elf32-littlearm)

.ARM.attributes
                0x0000000000000000       0x2b
 .ARM.attributes
                0x0000000000000000       0x21 build/obj/crt0_v6m.o
 .ARM.attributes
                0x0000000000000021       0x21 build/obj/chcoreasm_v6m.o
 .ARM.attributes
                0x0000000000000042       0x2f /var/folders/fq/ltb3dbq95yq6ljzx21t9gnkc0000gn/T//cc6GSE9o.ltrans0.ltrans.o
 .ARM.attributes
                0x0000000000000071       0x2f /var/folders/fq/ltb3dbq95yq6ljzx21t9gnkc0000gn/T//cc6GSE9o.ltrans1.ltrans.o
 .ARM.attributes
                0x00000000000000a0       0x2f /var/folders/fq/ltb3dbq95yq6ljzx21t9gnkc0000gn/T//cc6GSE9o.ltrans2.ltrans.o
 .ARM.attributes
                0x00000000000000cf       0x2f /var/folders/fq/ltb3dbq95yq6ljzx21t9gnkc0000gn/T//cc6GSE9o.ltrans3.ltrans.o
 .ARM.attributes
                0x00000000000000fe       0x2f /var/folders/fq/ltb3dbq95yq6ljzx21t9gnkc0000gn/T//cc6GSE9o.ltrans4.ltrans.o
 .ARM.attributes
                0x000000000000012d       0x2f /var/folders/fq/ltb3dbq95yq6ljzx21t9gnkc0000gn/T//cc6GSE9o.ltrans5.ltrans.o
 .ARM.attributes
                0x000000000000015c       0x2f /var/folders/fq/ltb3dbq95yq6ljzx21t9gnkc0000gn/T//cc6GSE9o.ltrans6.ltrans.o
 .ARM.attributes
                0x000000000000018b       0x1e /opt/gcc-arm/bin/../lib/gcc/arm-none-eabi/4.9.3/armv6-m/libgcc.a(_udivsi3.o)
 .ARM.attributes
                0x00000000000001a9       0x1e /opt/gcc-arm/bin/../lib/gcc/arm-none-eabi/4.9.3/armv6-m/libgcc.a(_dvmd_tls.o)

.comment        0x0000000000000000       0x70
 .comment       0x0000000000000000       0x70 /var/folders/fq/ltb3dbq95yq6ljzx21t9gnkc0000gn/T//cc6GSE9o.ltrans0.ltrans.o
                                         0x71 (size before relaxing)
 .comment       0x0000000000000000       0x71 /var/folders/fq/ltb3dbq95yq6ljzx21t9gnkc0000gn/T//cc6GSE9o.ltrans1.ltrans.o
 .comment       0x0000000000000000       0x71 /var/folders/fq/ltb3dbq95yq6ljzx21t9gnkc0000gn/T//cc6GSE9o.ltrans2.ltrans.o
 .comment       0x0000000000000000       0x71 /var/folders/fq/ltb3dbq95yq6ljzx21t9gnkc0000gn/T//cc6GSE9o.ltrans3.ltrans.o
 .comment       0x0000000000000000       0x71 /var/folders/fq/ltb3dbq95yq6ljzx21t9gnkc0000gn/T//cc6GSE9o.ltrans4.ltrans.o
 .comment       0x0000000000000000       0x71 /var/folders/fq/ltb3dbq95yq6ljzx21t9gnkc0000gn/T//cc6GSE9o.ltrans5.ltrans.o
 .comment       0x0000000000000000       0x71 /var/folders/fq/ltb3dbq95yq6ljzx21t9gnkc0000gn/T//cc6GSE9o.ltrans6.ltrans.o

.debug_info     0x0000000000000000    0x17492
 .debug_info    0x0000000000000000     0x55fe /var/folders/fq/ltb3dbq95yq6ljzx21t9gnkc0000gn/T//cc6GSE9o.ltrans0.ltrans.o
 .debug_info    0x00000000000055fe     0x30b3 /var/folders/fq/ltb3dbq95yq6ljzx21t9gnkc0000gn/T//cc6GSE9o.ltrans1.ltrans.o
 .debug_info    0x00000000000086b1     0x3d37 /var/folders/fq/ltb3dbq95yq6ljzx21t9gnkc0000gn/T//cc6GSE9o.ltrans2.ltrans.o
 .debug_info    0x000000000000c3e8     0x2e54 /var/folders/fq/ltb3dbq95yq6ljzx21t9gnkc0000gn/T//cc6GSE9o.ltrans3.ltrans.o
 .debug_info    0x000000000000f23c     0x37fa /var/folders/fq/ltb3dbq95yq6ljzx21t9gnkc0000gn/T//cc6GSE9o.ltrans4.ltrans.o
 .debug_info    0x0000000000012a36     0x2868 /var/folders/fq/ltb3dbq95yq6ljzx21t9gnkc0000gn/T//cc6GSE9o.ltrans5.ltrans.o
 .debug_info    0x000000000001529e     0x21f4 /var/folders/fq/ltb3dbq95yq6ljzx21t9gnkc0000gn/T//cc6GSE9o.ltrans6.ltrans.o

.debug_abbrev   0x0000000000000000     0x25cb
 .debug_abbrev  0x0000000000000000      0x781 /var/folders/fq/ltb3dbq95yq6ljzx21t9gnkc0000gn/T//cc6GSE9o.ltrans0.ltrans.o
 .debug_abbrev  0x0000000000000781      0x4fa /var/folders/fq/ltb3dbq95yq6ljzx21t9gnkc0000gn/T//cc6GSE9o.ltrans1.ltrans.o
 .debug_abbrev  0x0000000000000c7b      0x5d7 /var/folders/fq/ltb3dbq95yq6ljzx21t9gnkc0000gn/T//cc6GSE9o.ltrans2.ltrans.o
 .debug_abbrev  0x0000000000001252      0x4aa /var/folders/fq/ltb3dbq95yq6ljzx21t9gnkc0000gn/T//cc6GSE9o.ltrans3.ltrans.o
 .debug_abbrev  0x00000000000016fc      0x562 /var/folders/fq/ltb3dbq95yq6ljzx21t9gnkc0000gn/T//cc6GSE9o.ltrans4.ltrans.o
 .debug_abbrev  0x0000000000001c5e      0x4af /var/folders/fq/ltb3dbq95yq6ljzx21t9gnkc0000gn/T//cc6GSE9o.ltrans5.ltrans.o
 .debug_abbrev  0x000000000000210d      0x4be /var/folders/fq/ltb3dbq95yq6ljzx21t9gnkc0000gn/T//cc6GSE9o.ltrans6.ltrans.o

.debug_loc      0x0000000000000000     0x50cc
 .debug_loc     0x0000000000000000     0x28af /var/folders/fq/ltb3dbq95yq6ljzx21t9gnkc0000gn/T//cc6GSE9o.ltrans0.ltrans.o
 .debug_loc     0x00000000000028af      0x441 /var/folders/fq/ltb3dbq95yq6ljzx21t9gnkc0000gn/T//cc6GSE9o.ltrans1.ltrans.o
 .debug_loc     0x0000000000002cf0      0xbd2 /var/folders/fq/ltb3dbq95yq6ljzx21t9gnkc0000gn/T//cc6GSE9o.ltrans2.ltrans.o
 .debug_loc     0x00000000000038c2      0x4ef /var/folders/fq/ltb3dbq95yq6ljzx21t9gnkc0000gn/T//cc6GSE9o.ltrans3.ltrans.o
 .debug_loc     0x0000000000003db1      0x72b /var/folders/fq/ltb3dbq95yq6ljzx21t9gnkc0000gn/T//cc6GSE9o.ltrans4.ltrans.o
 .debug_loc     0x00000000000044dc      0x67f /var/folders/fq/ltb3dbq95yq6ljzx21t9gnkc0000gn/T//cc6GSE9o.ltrans5.ltrans.o
 .debug_loc     0x0000000000004b5b      0x571 /var/folders/fq/ltb3dbq95yq6ljzx21t9gnkc0000gn/T//cc6GSE9o.ltrans6.ltrans.o

.debug_aranges  0x0000000000000000      0x698
 .debug_aranges
                0x0000000000000000      0x288 /var/folders/fq/ltb3dbq95yq6ljzx21t9gnkc0000gn/T//cc6GSE9o.ltrans0.ltrans.o
 .debug_aranges
                0x0000000000000288       0xd0 /var/folders/fq/ltb3dbq95yq6ljzx21t9gnkc0000gn/T//cc6GSE9o.ltrans1.ltrans.o
 .debug_aranges
                0x0000000000000358       0xa8 /var/folders/fq/ltb3dbq95yq6ljzx21t9gnkc0000gn/T//cc6GSE9o.ltrans2.ltrans.o
 .debug_aranges
                0x0000000000000400       0x88 /var/folders/fq/ltb3dbq95yq6ljzx21t9gnkc0000gn/T//cc6GSE9o.ltrans3.ltrans.o
 .debug_aranges
                0x0000000000000488       0xf8 /var/folders/fq/ltb3dbq95yq6ljzx21t9gnkc0000gn/T//cc6GSE9o.ltrans4.ltrans.o
 .debug_aranges
                0x0000000000000580       0xa0 /var/folders/fq/ltb3dbq95yq6ljzx21t9gnkc0000gn/T//cc6GSE9o.ltrans5.ltrans.o
 .debug_aranges
                0x0000000000000620       0x78 /var/folders/fq/ltb3dbq95yq6ljzx21t9gnkc0000gn/T//cc6GSE9o.ltrans6.ltrans.o

.debug_ranges   0x0000000000000000     0x1ec8
 .debug_ranges  0x0000000000000000      0x798 /var/folders/fq/ltb3dbq95yq6ljzx21t9gnkc0000gn/T//cc6GSE9o.ltrans0.ltrans.o
 .debug_ranges  0x0000000000000798      0x560 /var/folders/fq/ltb3dbq95yq6ljzx21t9gnkc0000gn/T//cc6GSE9o.ltrans1.ltrans.o
 .debug_ranges  0x0000000000000cf8      0x5b0 /var/folders/fq/ltb3dbq95yq6ljzx21t9gnkc0000gn/T//cc6GSE9o.ltrans2.ltrans.o
 .debug_ranges  0x00000000000012a8      0x318 /var/folders/fq/ltb3dbq95yq6ljzx21t9gnkc0000gn/T//cc6GSE9o.ltrans3.ltrans.o
 .debug_ranges  0x00000000000015c0      0x4b8 /var/folders/fq/ltb3dbq95yq6ljzx21t9gnkc0000gn/T//cc6GSE9o.ltrans4.ltrans.o
 .debug_ranges  0x0000000000001a78      0x2b0 /var/folders/fq/ltb3dbq95yq6ljzx21t9gnkc0000gn/T//cc6GSE9o.ltrans5.ltrans.o
 .debug_ranges  0x0000000000001d28      0x1a0 /var/folders/fq/ltb3dbq95yq6ljzx21t9gnkc0000gn/T//cc6GSE9o.ltrans6.ltrans.o

.debug_line     0x0000000000000000     0x512a
 .debug_line    0x0000000000000000     0x150b /var/folders/fq/ltb3dbq95yq6ljzx21t9gnkc0000gn/T//cc6GSE9o.ltrans0.ltrans.o
 .debug_line    0x000000000000150b      0xbcd /var/folders/fq/ltb3dbq95yq6ljzx21t9gnkc0000gn/T//cc6GSE9o.ltrans1.ltrans.o
 .debug_line    0x00000000000020d8      0xd0b /var/folders/fq/ltb3dbq95yq6ljzx21t9gnkc0000gn/T//cc6GSE9o.ltrans2.ltrans.o
 .debug_line    0x0000000000002de3      0x901 /var/folders/fq/ltb3dbq95yq6ljzx21t9gnkc0000gn/T//cc6GSE9o.ltrans3.ltrans.o
 .debug_line    0x00000000000036e4      0xb48 /var/folders/fq/ltb3dbq95yq6ljzx21t9gnkc0000gn/T//cc6GSE9o.ltrans4.ltrans.o
 .debug_line    0x000000000000422c      0x83e /var/folders/fq/ltb3dbq95yq6ljzx21t9gnkc0000gn/T//cc6GSE9o.ltrans5.ltrans.o
 .debug_line    0x0000000000004a6a      0x6c0 /var/folders/fq/ltb3dbq95yq6ljzx21t9gnkc0000gn/T//cc6GSE9o.ltrans6.ltrans.o

.debug_str      0x0000000000000000     0x30fb
 .debug_str     0x0000000000000000     0x1291 /var/folders/fq/ltb3dbq95yq6ljzx21t9gnkc0000gn/T//cc6GSE9o.ltrans0.ltrans.o
                                       0x134e (size before relaxing)
 .debug_str     0x0000000000001291      0x413 /var/folders/fq/ltb3dbq95yq6ljzx21t9gnkc0000gn/T//cc6GSE9o.ltrans1.ltrans.o
                                        0xa1d (size before relaxing)
 .debug_str     0x00000000000016a4      0xd17 /var/folders/fq/ltb3dbq95yq6ljzx21t9gnkc0000gn/T//cc6GSE9o.ltrans2.ltrans.o
                                       0x161f (size before relaxing)
 .debug_str     0x00000000000023bb      0x353 /var/folders/fq/ltb3dbq95yq6ljzx21t9gnkc0000gn/T//cc6GSE9o.ltrans3.ltrans.o
                                        0xaa7 (size before relaxing)
 .debug_str     0x000000000000270e      0x450 /var/folders/fq/ltb3dbq95yq6ljzx21t9gnkc0000gn/T//cc6GSE9o.ltrans4.ltrans.o
                                        0xd42 (size before relaxing)
 .debug_str     0x0000000000002b5e      0x33d /var/folders/fq/ltb3dbq95yq6ljzx21t9gnkc0000gn/T//cc6GSE9o.ltrans5.ltrans.o
                                        0xac5 (size before relaxing)
 .debug_str     0x0000000000002e9b      0x260 /var/folders/fq/ltb3dbq95yq6ljzx21t9gnkc0000gn/T//cc6GSE9o.ltrans6.ltrans.o
                                        0x9a2 (size before relaxing)

.debug_frame    0x0000000000000000     0x138c
 .debug_frame   0x0000000000000000      0x78c /var/folders/fq/ltb3dbq95yq6ljzx21t9gnkc0000gn/T//cc6GSE9o.ltrans0.ltrans.o
 .debug_frame   0x000000000000078c      0x27c /var/folders/fq/ltb3dbq95yq6ljzx21t9gnkc0000gn/T//cc6GSE9o.ltrans1.ltrans.o
 .debug_frame   0x0000000000000a08      0x1ec /var/folders/fq/ltb3dbq95yq6ljzx21t9gnkc0000gn/T//cc6GSE9o.ltrans2.ltrans.o
 .debug_frame   0x0000000000000bf4      0x188 /var/folders/fq/ltb3dbq95yq6ljzx21t9gnkc0000gn/T//cc6GSE9o.ltrans3.ltrans.o
 .debug_frame   0x0000000000000d7c      0x318 /var/folders/fq/ltb3dbq95yq6ljzx21t9gnkc0000gn/T//cc6GSE9o.ltrans4.ltrans.o
 .debug_frame   0x0000000000001094      0x190 /var/folders/fq/ltb3dbq95yq6ljzx21t9gnkc0000gn/T//cc6GSE9o.ltrans5.ltrans.o
 .debug_frame   0x0000000000001224      0x148 /var/folders/fq/ltb3dbq95yq6ljzx21t9gnkc0000gn/T//cc6GSE9o.ltrans6.ltrans.o
 .debug_frame   0x000000000000136c       0x20 /opt/gcc-arm/bin/../lib/gcc/arm-none-eabi/4.9.3/armv6-m/libgcc.a(_udivsi3.o)

Cross Reference Table

Symbol                                            File
BusFault_Handler                                  build/obj/vectors.o (symbol from plugin)
DebugMon_Handler                                  build/obj/vectors.o (symbol from plugin)
HardFault_Handler                                 build/obj/vectors.o (symbol from plugin)
MemManage_Handler                                 build/obj/vectors.o (symbol from plugin)
NMI_Handler                                       build/obj/chcore_v6m.o (symbol from plugin)
                                                  build/obj/vectors.o (symbol from plugin)
PendSV_Handler                                    build/obj/vectors.o (symbol from plugin)
Reset_Handler                                     build/obj/crt0_v6m.o
SD2                                               /var/folders/fq/ltb3dbq95yq6ljzx21t9gnkc0000gn/T//cc6GSE9o.ltrans2.ltrans.o
                                                  build/obj/serial_lld.o (symbol from plugin)
                                                  /var/folders/fq/ltb3dbq95yq6ljzx21t9gnkc0000gn/T//cc6GSE9o.ltrans0.ltrans.o
                                                  build/obj/main.o (symbol from plugin)
SVC_Handler                                       build/obj/vectors.o (symbol from plugin)
SysTick_Handler                                   build/obj/vectors.o (symbol from plugin)
SystemCoreClock                                   build/obj/hal_lld.o (symbol from plugin)
TestThread                                        build/obj/test.o (symbol from plugin)
                                                  build/obj/main.o (symbol from plugin)
UsageFault_Handler                                build/obj/vectors.o (symbol from plugin)
Vector1C                                          build/obj/vectors.o (symbol from plugin)
Vector20                                          build/obj/vectors.o (symbol from plugin)
Vector24                                          build/obj/vectors.o (symbol from plugin)
Vector28                                          build/obj/vectors.o (symbol from plugin)
Vector34                                          build/obj/vectors.o (symbol from plugin)
Vector40                                          build/obj/vectors.o (symbol from plugin)
Vector44                                          build/obj/vectors.o (symbol from plugin)
Vector48                                          build/obj/vectors.o (symbol from plugin)
Vector4C                                          build/obj/vectors.o (symbol from plugin)
Vector50                                          build/obj/vectors.o (symbol from plugin)
Vector54                                          build/obj/vectors.o (symbol from plugin)
Vector58                                          build/obj/vectors.o (symbol from plugin)
Vector5C                                          build/obj/vectors.o (symbol from plugin)
Vector60                                          build/obj/vectors.o (symbol from plugin)
Vector64                                          build/obj/vectors.o (symbol from plugin)
Vector68                                          build/obj/vectors.o (symbol from plugin)
Vector6C                                          build/obj/vectors.o (symbol from plugin)
Vector70                                          build/obj/vectors.o (symbol from plugin)
Vector74                                          build/obj/vectors.o (symbol from plugin)
Vector78                                          build/obj/vectors.o (symbol from plugin)
Vector7C                                          build/obj/vectors.o (symbol from plugin)
Vector80                                          build/obj/st_lld.o (symbol from plugin)
                                                  build/obj/vectors.o (symbol from plugin)
Vector84                                          build/obj/vectors.o (symbol from plugin)
Vector88                                          build/obj/vectors.o (symbol from plugin)
Vector8C                                          build/obj/vectors.o (symbol from plugin)
Vector90                                          build/obj/vectors.o (symbol from plugin)
Vector94                                          build/obj/vectors.o (symbol from plugin)
Vector98                                          build/obj/vectors.o (symbol from plugin)
Vector9C                                          build/obj/vectors.o (symbol from plugin)
VectorA0                                          build/obj/vectors.o (symbol from plugin)
VectorA4                                          build/obj/vectors.o (symbol from plugin)
VectorA8                                          build/obj/vectors.o (symbol from plugin)
VectorAC                                          build/obj/vectors.o (symbol from plugin)
VectorB0                                          build/obj/serial_lld.o (symbol from plugin)
                                                  build/obj/vectors.o (symbol from plugin)
VectorB4                                          build/obj/vectors.o (symbol from plugin)
VectorB8                                          build/obj/vectors.o (symbol from plugin)
VectorBC                                          build/obj/vectors.o (symbol from plugin)
__aeabi_idiv0                                     /opt/gcc-arm/bin/../lib/gcc/arm-none-eabi/4.9.3/armv6-m/libgcc.a(_dvmd_tls.o)
                                                  /opt/gcc-arm/bin/../lib/gcc/arm-none-eabi/4.9.3/armv6-m/libgcc.a(_udivsi3.o)
__aeabi_ldiv0                                     /opt/gcc-arm/bin/../lib/gcc/arm-none-eabi/4.9.3/armv6-m/libgcc.a(_dvmd_tls.o)
__aeabi_uidiv                                     /opt/gcc-arm/bin/../lib/gcc/arm-none-eabi/4.9.3/armv6-m/libgcc.a(_udivsi3.o)
                                                  /var/folders/fq/ltb3dbq95yq6ljzx21t9gnkc0000gn/T//cc6GSE9o.ltrans2.ltrans.o
                                                  /var/folders/fq/ltb3dbq95yq6ljzx21t9gnkc0000gn/T//cc6GSE9o.ltrans0.ltrans.o
__aeabi_uidivmod                                  /opt/gcc-arm/bin/../lib/gcc/arm-none-eabi/4.9.3/armv6-m/libgcc.a(_udivsi3.o)
                                                  /var/folders/fq/ltb3dbq95yq6ljzx21t9gnkc0000gn/T//cc6GSE9o.ltrans0.ltrans.o
__default_exit                                    /var/folders/fq/ltb3dbq95yq6ljzx21t9gnkc0000gn/T//cc6GSE9o.ltrans0.ltrans.o
                                                  build/obj/crt1.o (symbol from plugin)
                                                  build/obj/crt0_v6m.o
__early_init                                      /var/folders/fq/ltb3dbq95yq6ljzx21t9gnkc0000gn/T//cc6GSE9o.ltrans0.ltrans.o
                                                  build/obj/board.o (symbol from plugin)
                                                  build/obj/crt1.o (symbol from plugin)
                                                  build/obj/crt0_v6m.o
__fini_array_end                                  build/obj/crt0_v6m.o
__fini_array_start                                build/obj/crt0_v6m.o
__heap_base__                                     /var/folders/fq/ltb3dbq95yq6ljzx21t9gnkc0000gn/T//cc6GSE9o.ltrans2.ltrans.o
                                                  build/obj/chmemcore.o (symbol from plugin)
__heap_end__                                      /var/folders/fq/ltb3dbq95yq6ljzx21t9gnkc0000gn/T//cc6GSE9o.ltrans2.ltrans.o
                                                  build/obj/chmemcore.o (symbol from plugin)
__init_array_end                                  build/obj/crt0_v6m.o
__init_array_start                                build/obj/crt0_v6m.o
__late_init                                       /var/folders/fq/ltb3dbq95yq6ljzx21t9gnkc0000gn/T//cc6GSE9o.ltrans0.ltrans.o
                                                  build/obj/crt1.o (symbol from plugin)
                                                  build/obj/crt0_v6m.o
__main_stack_base__                               build/obj/crt0_v6m.o
__main_stack_end__                                /var/folders/fq/ltb3dbq95yq6ljzx21t9gnkc0000gn/T//cc6GSE9o.ltrans0.ltrans.o
                                                  build/obj/vectors.o (symbol from plugin)
                                                  build/obj/crt0_v6m.o
__process_stack_base__                            build/obj/crt0_v6m.o
__process_stack_end__                             build/obj/crt0_v6m.o
__udivsi3                                         /opt/gcc-arm/bin/../lib/gcc/arm-none-eabi/4.9.3/armv6-m/libgcc.a(_udivsi3.o)
_bss_end                                          build/obj/crt0_v6m.o
_bss_start                                        build/obj/crt0_v6m.o
_core_init                                        build/obj/chmemcore.o (symbol from plugin)
                                                  build/obj/chsys.o (symbol from plugin)
_data                                             build/obj/crt0_v6m.o
_edata                                            build/obj/crt0_v6m.o
_heap_init                                        build/obj/chheap.o (symbol from plugin)
                                                  build/obj/chsys.o (symbol from plugin)
_idle_thread.lto_priv.64                          /var/folders/fq/ltb3dbq95yq6ljzx21t9gnkc0000gn/T//cc6GSE9o.ltrans0.ltrans.o
                                                  /var/folders/fq/ltb3dbq95yq6ljzx21t9gnkc0000gn/T//cc6GSE9o.ltrans2.ltrans.o
_pal_lld_init                                     build/obj/pal_lld.o (symbol from plugin)
                                                  build/obj/hal.o (symbol from plugin)
_pal_lld_setgroupmode                             build/obj/pal_lld.o (symbol from plugin)
                                                  build/obj/pal.o (symbol from plugin)
_port_exit_from_isr                               build/obj/chcoreasm_v6m.o
                                                  /var/folders/fq/ltb3dbq95yq6ljzx21t9gnkc0000gn/T//cc6GSE9o.ltrans0.ltrans.o
                                                  build/obj/chcore_v6m.o (symbol from plugin)
_port_irq_epilogue                                build/obj/chcore_v6m.o (symbol from plugin)
                                                  build/obj/serial_lld.o (symbol from plugin)
                                                  build/obj/st_lld.o (symbol from plugin)
_port_switch                                      build/obj/chcoreasm_v6m.o
                                                  /var/folders/fq/ltb3dbq95yq6ljzx21t9gnkc0000gn/T//cc6GSE9o.ltrans0.ltrans.o
                                                  build/obj/chschd.o (symbol from plugin)
_port_switch_from_isr                             build/obj/chcoreasm_v6m.o
                                                  /var/folders/fq/ltb3dbq95yq6ljzx21t9gnkc0000gn/T//cc6GSE9o.ltrans0.ltrans.o
                                                  build/obj/chcore_v6m.o (symbol from plugin)
_port_thread_start                                build/obj/chcoreasm_v6m.o
                                                  /var/folders/fq/ltb3dbq95yq6ljzx21t9gnkc0000gn/T//cc6GSE9o.ltrans2.ltrans.o
                                                  /var/folders/fq/ltb3dbq95yq6ljzx21t9gnkc0000gn/T//cc6GSE9o.ltrans1.ltrans.o
                                                  /var/folders/fq/ltb3dbq95yq6ljzx21t9gnkc0000gn/T//cc6GSE9o.ltrans0.ltrans.o
                                                  build/obj/chthreads.o (symbol from plugin)
_scheduler_init                                   build/obj/chschd.o (symbol from plugin)
                                                  build/obj/chsys.o (symbol from plugin)
_test_assert                                      /var/folders/fq/ltb3dbq95yq6ljzx21t9gnkc0000gn/T//cc6GSE9o.ltrans0.ltrans.o
                                                  build/obj/test.o (symbol from plugin)
                                                  /var/folders/fq/ltb3dbq95yq6ljzx21t9gnkc0000gn/T//cc6GSE9o.ltrans6.ltrans.o
                                                  /var/folders/fq/ltb3dbq95yq6ljzx21t9gnkc0000gn/T//cc6GSE9o.ltrans5.ltrans.o
                                                  /var/folders/fq/ltb3dbq95yq6ljzx21t9gnkc0000gn/T//cc6GSE9o.ltrans4.ltrans.o
                                                  /var/folders/fq/ltb3dbq95yq6ljzx21t9gnkc0000gn/T//cc6GSE9o.ltrans3.ltrans.o
                                                  /var/folders/fq/ltb3dbq95yq6ljzx21t9gnkc0000gn/T//cc6GSE9o.ltrans1.ltrans.o
                                                  build/obj/testsys.o (symbol from plugin)
                                                  build/obj/testqueues.o (symbol from plugin)
                                                  build/obj/testdyn.o (symbol from plugin)
                                                  build/obj/testpools.o (symbol from plugin)
                                                  build/obj/testheap.o (symbol from plugin)
                                                  build/obj/testevt.o (symbol from plugin)
                                                  build/obj/testmbox.o (symbol from plugin)
                                                  build/obj/testmtx.o (symbol from plugin)
                                                  build/obj/testsem.o (symbol from plugin)
                                                  build/obj/testthd.o (symbol from plugin)
_test_assert_sequence                             /var/folders/fq/ltb3dbq95yq6ljzx21t9gnkc0000gn/T//cc6GSE9o.ltrans0.ltrans.o
                                                  build/obj/test.o (symbol from plugin)
                                                  /var/folders/fq/ltb3dbq95yq6ljzx21t9gnkc0000gn/T//cc6GSE9o.ltrans6.ltrans.o
                                                  /var/folders/fq/ltb3dbq95yq6ljzx21t9gnkc0000gn/T//cc6GSE9o.ltrans5.ltrans.o
                                                  /var/folders/fq/ltb3dbq95yq6ljzx21t9gnkc0000gn/T//cc6GSE9o.ltrans4.ltrans.o
                                                  /var/folders/fq/ltb3dbq95yq6ljzx21t9gnkc0000gn/T//cc6GSE9o.ltrans3.ltrans.o
                                                  /var/folders/fq/ltb3dbq95yq6ljzx21t9gnkc0000gn/T//cc6GSE9o.ltrans1.ltrans.o
                                                  build/obj/testqueues.o (symbol from plugin)
                                                  build/obj/testdyn.o (symbol from plugin)
                                                  build/obj/testevt.o (symbol from plugin)
                                                  build/obj/testmbox.o (symbol from plugin)
                                                  build/obj/testmsg.o (symbol from plugin)
                                                  build/obj/testmtx.o (symbol from plugin)
                                                  build/obj/testsem.o (symbol from plugin)
                                                  build/obj/testthd.o (symbol from plugin)
_test_assert_time_window                          /var/folders/fq/ltb3dbq95yq6ljzx21t9gnkc0000gn/T//cc6GSE9o.ltrans0.ltrans.o
                                                  build/obj/test.o (symbol from plugin)
                                                  /var/folders/fq/ltb3dbq95yq6ljzx21t9gnkc0000gn/T//cc6GSE9o.ltrans6.ltrans.o
                                                  /var/folders/fq/ltb3dbq95yq6ljzx21t9gnkc0000gn/T//cc6GSE9o.ltrans1.ltrans.o
                                                  build/obj/testevt.o (symbol from plugin)